Microchip MPLAB XC8 Compiler V2.46

Linker command line:

-W-3 \
  --edf=C:\Program Files\Microchip\xc8\v2.46\pic\dat\20240104201356_en.msgs \
  -cn -h+dist/NewConfiguration/production\tem-firmware.X.production.sym \
  --cmf=dist/NewConfiguration/production\tem-firmware.X.production.cmf -z \
  -w9 --disl=596:off --norlf -Q18F47Q84 \
  -oC:\Users\alexl\AppData\Local\Temp\xcAsuvc.\driver_tmp_3.o \
  --defsym=__MPLAB_BUILD=1 \
  -Mdist/NewConfiguration/production/tem-firmware.X.production.map \
  --md=C:\Users\alexl\AppData\Local\Temp\xcAsuvc.\driver_tmp_0.dat -E1 \
  -ver=XC8 Compiler --acfsm=1493 -ACODE=00h-01FFFFh -ACONST=00h-01FFFFh \
  -ASMALLCONST=03700h-037FFhx457 \
  -AMEDIUMCONST=03700h-0FFFFh,013700h-01FFFFh -ACOMRAM=0501h-055Fh \
  -AABS1=0500h-036FFh -ABIGRAM=0501h-036FFh \
  -ARAM=0560h-05FFh,0600h-06FFhx49 -ABANK5=0560h-05FFh -ABANK6=0600h-06FFh \
  -ABANK7=0700h-07FFh -ABANK8=0800h-08FFh -ABANK9=0900h-09FFh \
  -ABANK10=0A00h-0AFFh -ABANK11=0B00h-0BFFh -ABANK12=0C00h-0CFFh \
  -ABANK13=0D00h-0DFFh -ABANK14=0E00h-0EFFh -ABANK15=0F00h-0FFFh \
  -ABANK16=01000h-010FFh -ABANK17=01100h-011FFh -ABANK18=01200h-012FFh \
  -ABANK19=01300h-013FFh -ABANK20=01400h-014FFh -ABANK21=01500h-015FFh \
  -ABANK22=01600h-016FFh -ABANK23=01700h-017FFh -ABANK24=01800h-018FFh \
  -ABANK25=01900h-019FFh -ABANK26=01A00h-01AFFh -ABANK27=01B00h-01BFFh \
  -ABANK28=01C00h-01CFFh -ABANK29=01D00h-01DFFh -ABANK30=01E00h-01EFFh \
  -ABANK31=01F00h-01FFFh -ABANK32=02000h-020FFh -ABANK33=02100h-021FFh \
  -ABANK34=02200h-022FFh -ABANK35=02300h-023FFh -ABANK36=02400h-024FFh \
  -ABANK37=02500h-025FFh -ABANK38=02600h-026FFh -ABANK39=02700h-027FFh \
  -ABANK40=02800h-028FFh -ABANK41=02900h-029FFh -ABANK42=02A00h-02AFFh \
  -ABANK43=02B00h-02BFFh -ABANK44=02C00h-02CFFh -ABANK45=02D00h-02DFFh \
  -ABANK46=02E00h-02EFFh -ABANK47=02F00h-02FFFh -ABANK48=03000h-030FFh \
  -ABANK49=03100h-031FFh -ABANK50=03200h-032FFh -ABANK51=03300h-033FFh \
  -ABANK52=03400h-034FFh -ABANK53=03500h-035FFh -ABANK54=03600h-036FFh \
  -ASFR=00h-0FFhx4,0400h-045Fh,0460h-04FFh,03700h-037FFhx9 \
  -ABIGSFR=00h-04FFh,03700h-03FFFh -ACONFIG=0300000h-0300023h \
  -AIDLOC=0200000h-020003Fh -AEEDATA=0380000h-03803FFh -peeprom_data=EEDATA \
  -preset_vec=00h -ppowerup=CODE,init -pramtop=03700h \
  -psmallconst=SMALLCONST -pmediumconst=MEDIUMCONST -pconst=CONST \
  -AFARRAM=00h-00h \
  -prdata=COMRAM,nvrram=COMRAM,nvbit=COMRAM,rbss=COMRAM,rbit=COMRAM \
  -pfarbss=FARRAM,fardata=FARRAM,nvFARRAM=FARRAM \
  -pintsave_regs=BIGRAM,bigbss=BIGRAM,bigdata=BIGRAM -pbss=RAM \
  -pidata=CODE,irdata=CODE,ibigdata=CODE,ifardata=CODE \
  C:\Users\alexl\AppData\Local\Temp\xcAsuvc.\driver_tmp_9.o \
  dist/NewConfiguration/production\tem-firmware.X.production.o 

Object code version is 3.11

Machine type is 18F47Q84



                Name                               Link     Load   Length Selector   Space Scale
C:\Users\alexl\AppData\Local\Temp\xcAsuvc.\driver_tmp_9.o
                config                           300000   300000       1F        0       4
                init                              1FFFC    1FFFC        4     FFFE       0
                reset_vec                             0        0        4        0       0
dist/NewConfiguration/production\tem-firmware.X.production.o
                config                           300000   300000       1F        0       4
                smallconst                         3700     3700        E     1B80       0
                text29                             4296     4296       16     1B87       0
                text28                             4280     4280       16     1B87       0
                text27                             4302     4302        8     1B87       0
                text26                             42EA     42EA        E     1B87       0
                text25                             42F8     42F8        A     1B87       0
                text24                             4252     4252       18     1B87       0
                text23                             3CB6     3CB6       D6     1B87       0
                text22                             409E     409E       50     1B87       0
                text21                             370E     370E      228     1B87       0
                text20                             4136     4136       3E     1B87       0
                text19                             3F08     3F08       90     1B87       0
                text18                             41D0     41D0       28     1B87       0
                text17                             42DC     42DC        E     1B87       0
                text16                             42CE     42CE        E     1B87       0
                text15                             42C0     42C0        E     1B87       0
                text14                             3E50     3E50       B8     1B87       0
                text13                             42AC     42AC       14     1B87       0
                text12                             3F98     3F98       88     1B87       0
                text11                             41F8     41F8       24     1B87       0
                text10                             40EE     40EE       48     1B87       0
                text9                              423A     423A       18     1B87       0
                text8                              4020     4020       7E     1B87       0
                text7                              41A8     41A8       28     1B87       0
                text6                              426A     426A       16     1B87       0
                text5                              430A     430A        4     1B87       0
                text4                              3D8C     3D8C       C4     1B87       0
                text3                              4174     4174       34     1B87       0
                text2                              3A88     3A88      118     1B87       0
                text1                              3BA0     3BA0      116     1B87       0
                text0                              3936     3936      152     1B87       0
                cstackCOMRAM                        501      501       33      501       1
                bssBANK5                            560      560       18      560       1
                bssCOMRAM                           534      534       12      501       1
                cinit                              421C     421C       1E     1B87       0
                nvCOMRAM                            546      546        9      501       1

TOTAL           Name                               Link     Load   Length     Space
        CLASS   CODE           
                init                              1FFFC    1FFFC        4         0
                reset_vec                             0        0        4         0
                text29                             4296     4296       16         0
                text28                             4280     4280       16         0
                text27                             4302     4302        8         0
                text26                             42EA     42EA        E         0
                text25                             42F8     42F8        A         0
                text24                             4252     4252       18         0
                text23                             3CB6     3CB6       D6         0
                text22                             409E     409E       50         0
                text21                             370E     370E      228         0
                text20                             4136     4136       3E         0
                text19                             3F08     3F08       90         0
                text18                             41D0     41D0       28         0
                text17                             42DC     42DC        E         0
                text16                             42CE     42CE        E         0
                text15                             42C0     42C0        E         0
                text14                             3E50     3E50       B8         0
                text13                             42AC     42AC       14         0
                text12                             3F98     3F98       88         0
                text11                             41F8     41F8       24         0
                text10                             40EE     40EE       48         0
                text9                              423A     423A       18         0
                text8                              4020     4020       7E         0
                text7                              41A8     41A8       28         0
                text6                              426A     426A       16         0
                text5                              430A     430A        4         0
                text4                              3D8C     3D8C       C4         0
                text3                              4174     4174       34         0
                text2                              3A88     3A88      118         0
                text1                              3BA0     3BA0      116         0
                text0                              3936     3936      152         0
                cinit                              421C     421C       1E         0

        CLASS   CONST          

        CLASS   SMALLCONST     
                smallconst                         3700     3700        E         0

        CLASS   MEDIUMCONST    

        CLASS   COMRAM         
                cstackCOMRAM                        501      501       33         1
                bssCOMRAM                           534      534       12         1
                nvCOMRAM                            546      546        9         1

        CLASS   ABS1           

        CLASS   BIGRAM         

        CLASS   RAM            

        CLASS   BANK5          
                bssBANK5                            560      560       18         1

        CLASS   BANK6          

        CLASS   BANK7          

        CLASS   BANK8          

        CLASS   BANK9          

        CLASS   BANK10         

        CLASS   BANK11         

        CLASS   BANK12         

        CLASS   BANK13         

        CLASS   BANK14         

        CLASS   BANK15         

        CLASS   BANK16         

        CLASS   BANK17         

        CLASS   BANK18         

        CLASS   BANK19         

        CLASS   BANK20         

        CLASS   BANK21         

        CLASS   BANK22         

        CLASS   BANK23         

        CLASS   BANK24         

        CLASS   BANK25         

        CLASS   BANK26         

        CLASS   BANK27         

        CLASS   BANK28         

        CLASS   BANK29         

        CLASS   BANK30         

        CLASS   BANK31         

        CLASS   BANK32         

        CLASS   BANK33         

        CLASS   BANK34         

        CLASS   BANK35         

        CLASS   BANK36         

        CLASS   BANK37         

        CLASS   BANK38         

        CLASS   BANK39         

        CLASS   BANK40         

        CLASS   BANK41         

        CLASS   BANK42         

        CLASS   BANK43         

        CLASS   BANK44         

        CLASS   BANK45         

        CLASS   BANK46         

        CLASS   BANK47         

        CLASS   BANK48         

        CLASS   BANK49         

        CLASS   BANK50         

        CLASS   BANK51         

        CLASS   BANK52         

        CLASS   BANK53         

        CLASS   BANK54         

        CLASS   SFR            

        CLASS   BIGSFR         

        CLASS   CONFIG         
                config                           300000   300000       1F         4

        CLASS   IDLOC          

        CLASS   EEDATA         

        CLASS   FARRAM         

        CLASS   HEAP           

        CLASS   STACK          



SEGMENTS        Name                           Load    Length   Top    Selector   Space  Class

                reset_vec                      000000  000004  000004         0       0  CODE    
                cstackCOMRAM                   000501  00004E  00054F       501       1  COMRAM  
                bssBANK5                       000560  000018  000578       560       1  BANK5   
                smallconst                     003700  00000E  00370E      1B80       0  SMALLCON
                text21                         00370E  000C00  00430E      1B87       0  CODE    
                init                           01FFFC  000004  020000      FFFE       0  CODE    


UNUSED ADDRESS RANGES

        Name                Unused          Largest block    Delta
        BANK10           000A00-000AFF              100
        BANK11           000B00-000BFF              100
        BANK12           000C00-000CFF              100
        BANK13           000D00-000DFF              100
        BANK14           000E00-000EFF              100
        BANK15           000F00-000FFF              100
        BANK16           001000-0010FF              100
        BANK17           001100-0011FF              100
        BANK18           001200-0012FF              100
        BANK19           001300-0013FF              100
        BANK20           001400-0014FF              100
        BANK21           001500-0015FF              100
        BANK22           001600-0016FF              100
        BANK23           001700-0017FF              100
        BANK24           001800-0018FF              100
        BANK25           001900-0019FF              100
        BANK26           001A00-001AFF              100
        BANK27           001B00-001BFF              100
        BANK28           001C00-001CFF              100
        BANK29           001D00-001DFF              100
        BANK30           001E00-001EFF              100
        BANK31           001F00-001FFF              100
        BANK32           002000-0020FF              100
        BANK33           002100-0021FF              100
        BANK34           002200-0022FF              100
        BANK35           002300-0023FF              100
        BANK36           002400-0024FF              100
        BANK37           002500-0025FF              100
        BANK38           002600-0026FF              100
        BANK39           002700-0027FF              100
        BANK40           002800-0028FF              100
        BANK41           002900-0029FF              100
        BANK42           002A00-002AFF              100
        BANK43           002B00-002BFF              100
        BANK44           002C00-002CFF              100
        BANK45           002D00-002DFF              100
        BANK46           002E00-002EFF              100
        BANK47           002F00-002FFF              100
        BANK48           003000-0030FF              100
        BANK49           003100-0031FF              100
        BANK5            000578-0005FF               88
        BANK50           003200-0032FF              100
        BANK51           003300-0033FF              100
        BANK52           003400-0034FF              100
        BANK53           003500-0035FF              100
        BANK54           003600-0036FF              100
        BANK6            000600-0006FF              100
        BANK7            000700-0007FF              100
        BANK8            000800-0008FF              100
        BANK9            000900-0009FF              100
        BIGRAM           00054F-00055F               11
                         000578-0036FF             3188
        BIGSFR           000000-0004FF              500
                         003700-003FFF              900
        CODE             000004-0036FF             36FC
                         00430E-01FFFB            1BCEE
        COMRAM           00054F-00055F               11
        CONFIG           30001F-300023                5
        CONST            000004-0036FF             36FC
                         00430E-01FFFB            1BCEE
        EEDATA           380000-3803FF              400
        IDLOC            200000-20003F               40
        MEDIUMCONST      00430E-00FFFF             BCF2
                         013700-01FFFB             C8FC
        RAM              000578-0036FF              100
        SFR              000000-0004FF              100
                         003700-003FFF              100
        SMALLCONST       00430E-01FFFB              100

                                  Symbol Table

_ADC_DefaultADI_ISR                                       (abs)        000000
_ADC_DefaultActiveClockTuning_ISR                         (abs)        000000
_ADC_DefaultContext1Threshold_ISR                         (abs)        000000
_INTERRUPT_GlobalInterruptEnable                                             
__HRAM                                                    (abs)        000000
__H__absolute__                                           __absolute__ 000000
__Habs1                                                   abs1         000000
__Hbank10                                                 bank10       000000
__Hbank11                                                 bank11       000000
__Hbank12                                                 bank12       000000
__Hbank13                                                 bank13       000000
__Hbank14                                                 bank14       000000
__Hbank15                                                 bank15       000000
__Hbank16                                                 bank16       000000
__Hbank17                                                 bank17       000000
__Hbank18                                                 bank18       000000
__Hbank19                                                 bank19       000000
__Hbank20                                                 bank20       000000
__Hbank21                                                 bank21       000000
__Hbank22                                                 bank22       000000
__Hbank23                                                 bank23       000000
__Hbank24                                                 bank24       000000
__Hbank25                                                 bank25       000000
__Hbank26                                                 bank26       000000
__Hbank27                                                 bank27       000000
__Hbank28                                                 bank28       000000
__Hbank29                                                 bank29       000000
__Hbank30                                                 bank30       000000
__Hbank31                                                 bank31       000000
__Hbank32                                                 bank32       000000
__Hbank33                                                 bank33       000000
__Hbank34                                                 bank34       000000
__Hbank35                                                 bank35       000000
__Hbank36                                                 bank36       000000
__Hbank37                                                 bank37       000000
__Hbank38                                                 bank38       000000
__Hbank39                                                 bank39       000000
__Hbank40                                                 bank40       000000
__Hbank41                                                 bank41       000000
__Hbank42                                                 bank42       000000
__Hbank43                                                 bank43       000000
__Hbank44                                                 bank44       000000
__Hbank45                                                 bank45       000000
__Hbank46                                                 bank46       000000
__Hbank47                                                 bank47       000000
__Hbank48                                                 bank48       000000
__Hbank49                                                 bank49       000000
__Hbank5                                                  bank5        000000
__Hbank50                                                 bank50       000000
__Hbank51                                                 bank51       000000
__Hbank52                                                 bank52       000000
__Hbank53                                                 bank53       000000
__Hbank54                                                 bank54       000000
__Hbank6                                                  bank6        000000
__Hbank7                                                  bank7        000000
__Hbank8                                                  bank8        000000
__Hbank9                                                  bank9        000000
__Hbigbss                                                 bigbss       000000
__Hbigdata                                                bigdata      000000
__Hbigram                                                 bigram       000000
__Hbigsfr                                                 bigsfr       000000
__Hbss                                                    bss          000000
__HbssBANK5                                               bssBANK5     000000
__HbssCOMRAM                                              bssCOMRAM    000000
__Hcinit                                                  cinit        000000
__Hclrtext                                                clrtext      000000
__Hcomram                                                 comram       000000
__Hconst                                                  const        000000
__HcstackCOMRAM                                           cstackCOMRAM 000000
__Hdata                                                   data         000000
__Heeprom_data                                            eeprom_data  000000
__Hfarbss                                                 farbss       000000
__Hfardata                                                fardata      000000
__Hheap                                                   heap         000000
__Hibigdata                                               ibigdata     000000
__Hidata                                                  idata        000000
__Hidloc                                                  idloc        000000
__Hifardata                                               ifardata     000000
__Hintsave_regs                                           intsave_regs 000000
__Hirdata                                                 irdata       000000
__Hmediumconst                                            mediumconst  000000
__HnvCOMRAM                                               nvCOMRAM     000000
__HnvFARRAM                                               nvFARRAM     000000
__Hnvbit                                                  nvbit        000000
__Hnvrram                                                 nvrram       000000
__Hparam                                                  rparam       000000
__Hpowerup                                                powerup      000000
__Hram                                                    ram          000000
__Hrbit                                                   rbit         000000
__Hrbss                                                   rbss         000000
__Hrdata                                                  rdata        000000
__Hrparam                                                 rparam       000000
__Hsfr                                                    sfr          000000
__Hspace_2                                                (abs)        000000
__Hstack                                                  stack        000000
__Hstruct                                                 struct       000000
__Htemp                                                   temp         000000
__Htext                                                   text         000000
__Htext0                                                  text0        000000
__Htext1                                                  text1        000000
__Htext10                                                 text10       000000
__Htext11                                                 text11       000000
__Htext12                                                 text12       000000
__Htext13                                                 text13       000000
__Htext14                                                 text14       000000
__Htext15                                                 text15       000000
__Htext16                                                 text16       000000
__Htext17                                                 text17       000000
__Htext18                                                 text18       000000
__Htext19                                                 text19       000000
__Htext2                                                  text2        000000
__Htext20                                                 text20       000000
__Htext21                                                 text21       000000
__Htext22                                                 text22       000000
__Htext23                                                 text23       000000
__Htext24                                                 text24       000000
__Htext25                                                 text25       000000
__Htext26                                                 text26       000000
__Htext27                                                 text27       000000
__Htext28                                                 text28       000000
__Htext29                                                 text29       000000
__Htext3                                                  text3        000000
__Htext4                                                  text4        000000
__Htext5                                                  text5        000000
__Htext6                                                  text6        000000
__Htext7                                                  text7        000000
__Htext8                                                  text8        000000
__Htext9                                                  text9        000000
__L__absolute__                                           __absolute__ 000000
__Labs1                                                   abs1         000000
__Lbank10                                                 bank10       000000
__Lbank11                                                 bank11       000000
__Lbank12                                                 bank12       000000
__Lbank13                                                 bank13       000000
__Lbank14                                                 bank14       000000
__Lbank15                                                 bank15       000000
__Lbank16                                                 bank16       000000
__Lbank17                                                 bank17       000000
__Lbank18                                                 bank18       000000
__Lbank19                                                 bank19       000000
__Lbank20                                                 bank20       000000
__Lbank21                                                 bank21       000000
__Lbank22                                                 bank22       000000
__Lbank23                                                 bank23       000000
__Lbank24                                                 bank24       000000
__Lbank25                                                 bank25       000000
__Lbank26                                                 bank26       000000
__Lbank27                                                 bank27       000000
__Lbank28                                                 bank28       000000
__Lbank29                                                 bank29       000000
__Lbank30                                                 bank30       000000
__Lbank31                                                 bank31       000000
__Lbank32                                                 bank32       000000
__Lbank33                                                 bank33       000000
__Lbank34                                                 bank34       000000
__Lbank35                                                 bank35       000000
__Lbank36                                                 bank36       000000
__Lbank37                                                 bank37       000000
__Lbank38                                                 bank38       000000
__Lbank39                                                 bank39       000000
__Lbank40                                                 bank40       000000
__Lbank41                                                 bank41       000000
__Lbank42                                                 bank42       000000
__Lbank43                                                 bank43       000000
__Lbank44                                                 bank44       000000
__Lbank45                                                 bank45       000000
__Lbank46                                                 bank46       000000
__Lbank47                                                 bank47       000000
__Lbank48                                                 bank48       000000
__Lbank49                                                 bank49       000000
__Lbank5                                                  bank5        000000
__Lbank50                                                 bank50       000000
__Lbank51                                                 bank51       000000
__Lbank52                                                 bank52       000000
__Lbank53                                                 bank53       000000
__Lbank54                                                 bank54       000000
__Lbank6                                                  bank6        000000
__Lbank7                                                  bank7        000000
__Lbank8                                                  bank8        000000
__Lbank9                                                  bank9        000000
__Lbigbss                                                 bigbss       000000
__Lbigdata                                                bigdata      000000
__Lbigram                                                 bigram       000000
__Lbigsfr                                                 bigsfr       000000
__Lbss                                                    bss          000000
__LbssBANK5                                               bssBANK5     000000
__LbssCOMRAM                                              bssCOMRAM    000000
__Lcinit                                                  cinit        000000
__Lclrtext                                                clrtext      000000
__Lcomram                                                 comram       000000
__Lconfig                                                 config       000000
__Lconst                                                  const        000000
__LcstackCOMRAM                                           cstackCOMRAM 000000
__Ldata                                                   data         000000
__Leeprom_data                                            eeprom_data  000000
__Lfarbss                                                 farbss       000000
__Lfardata                                                fardata      000000
__Lheap                                                   heap         000000
__Libigdata                                               ibigdata     000000
__Lidata                                                  idata        000000
__Lidloc                                                  idloc        000000
__Lifardata                                               ifardata     000000
__Lintsave_regs                                           intsave_regs 000000
__Lirdata                                                 irdata       000000
__Lmediumconst                                            mediumconst  000000
__LnvCOMRAM                                               nvCOMRAM     000000
__LnvFARRAM                                               nvFARRAM     000000
__Lnvbit                                                  nvbit        000000
__Lnvrram                                                 nvrram       000000
__Lparam                                                  rparam       000000
__Lpowerup                                                powerup      000000
__Lram                                                    ram          000000
__Lrbit                                                   rbit         000000
__Lrbss                                                   rbss         000000
__Lrdata                                                  rdata        000000
__Lreset_vec                                              reset_vec    000000
__Lrparam                                                 rparam       000000
__Lsfr                                                    sfr          000000
__Lspace_0                                                (abs)        000000
__Lspace_1                                                (abs)        000000
__Lspace_2                                                (abs)        000000
__Lspace_4                                                (abs)        000000
__Lstack                                                  stack        000000
__Lstruct                                                 struct       000000
__Ltemp                                                   temp         000000
__Ltext                                                   text         000000
__Ltext0                                                  text0        000000
__Ltext1                                                  text1        000000
__Ltext10                                                 text10       000000
__Ltext11                                                 text11       000000
__Ltext12                                                 text12       000000
__Ltext13                                                 text13       000000
__Ltext14                                                 text14       000000
__Ltext15                                                 text15       000000
__Ltext16                                                 text16       000000
__Ltext17                                                 text17       000000
__Ltext18                                                 text18       000000
__Ltext19                                                 text19       000000
__Ltext2                                                  text2        000000
__Ltext20                                                 text20       000000
__Ltext21                                                 text21       000000
__Ltext22                                                 text22       000000
__Ltext23                                                 text23       000000
__Ltext24                                                 text24       000000
__Ltext25                                                 text25       000000
__Ltext26                                                 text26       000000
__Ltext27                                                 text27       000000
__Ltext28                                                 text28       000000
__Ltext29                                                 text29       000000
__Ltext3                                                  text3        000000
__Ltext4                                                  text4        000000
__Ltext5                                                  text5        000000
__Ltext6                                                  text6        000000
__Ltext7                                                  text7        000000
__Ltext8                                                  text8        000000
__Ltext9                                                  text9        000000
__S4                                                      (abs)        000000
__S5                                                      (abs)        000000
___heap_hi                                                (abs)        000000
___heap_lo                                                (abs)        000000
___inthi_sp                                               stack        000000
___inthi_stack_hi                                         stack        000000
___inthi_stack_lo                                         stack        000000
___intlo_sp                                               stack        000000
___intlo_stack_hi                                         stack        000000
___intlo_stack_lo                                         stack        000000
___param_bank                                             (abs)        000000
___sp                                                     stack        000000
___stack_hi                                               stack        000000
___stack_lo                                               stack        000000
__mediumconst                                             mediumconst  000000
intlevel0                                                 text         000000
intlevel1                                                 text         000000
intlevel2                                                 text         000000
intlevel3                                                 text         000000
isa$xinst                                                 (abs)        000000
stackhi                                                   (abs)        000000
stacklo                                                   (abs)        000000
__LRAM                                                    (abs)        000001
___rparam_used                                            (abs)        000001
isa$std                                                   (abs)        000001
__activetblptr                                            (abs)        000003
__Hreset_vec                                              reset_vec    000004
_PMD0                                                     (abs)        000060
_PMD1                                                     (abs)        000061
_PMD2                                                     (abs)        000062
_PMD3                                                     (abs)        000063
_PMD4                                                     (abs)        000064
_PMD5                                                     (abs)        000065
_PMD6                                                     (abs)        000066
_PMD7                                                     (abs)        000067
_PMD8                                                     (abs)        000068
_OSCCON1                                                  (abs)        0000AD
_OSCCON3                                                  (abs)        0000AF
_OSCTUNE                                                  (abs)        0000B0
_OSCFRQ                                                   (abs)        0000B1
_OSCEN                                                    (abs)        0000B3
_C1CONL                                                   (abs)        000100
_C1CONH                                                   (abs)        000101
_C1CONHbits                                               (abs)        000101
_C1CONU                                                   (abs)        000102
_C1CONUbits                                               (abs)        000102
_C1CONTbits                                               (abs)        000103
_C1NBTCFGL                                                (abs)        000104
_C1NBTCFGH                                                (abs)        000105
_C1NBTCFGU                                                (abs)        000106
_C1NBTCFGT                                                (abs)        000107
_C1INTHbits                                               (abs)        00011D
_C1INTTbits                                               (abs)        00011F
_C1TRECUbits                                              (abs)        000136
_C1FIFOBA                                                 (abs)        00014C
_C1TXQCONL                                                (abs)        000150
_C1TXQCONH                                                (abs)        000151
_C1TXQCONU                                                (abs)        000152
_C1TXQCONT                                                (abs)        000153
_C1FIFOCON1L                                              (abs)        00015C
_C1FIFOCON1H                                              (abs)        00015D
_C1FIFOCON1U                                              (abs)        00015E
_C1FIFOCON1T                                              (abs)        00015F
_RD1PPS                                                   (abs)        00021A
_CANRXPPS                                                 (abs)        00023D
_ADCP                                                     (abs)        0003D8
_ADCPbits                                                 (abs)        0003D8
_ADLTHL                                                   (abs)        0003D9
_ADLTHH                                                   (abs)        0003DA
_ADUTHL                                                   (abs)        0003DB
_ADUTHH                                                   (abs)        0003DC
_ADERRL                                                   (abs)        0003DD
_ADERRH                                                   (abs)        0003DE
_ADSTPTL                                                  (abs)        0003DF
_ADSTPTH                                                  (abs)        0003E0
_ADFLTRL                                                  (abs)        0003E1
_ADFLTRH                                                  (abs)        0003E2
_ADACCL                                                   (abs)        0003E3
_ADACCH                                                   (abs)        0003E4
_ADACCU                                                   (abs)        0003E5
_ADCNT                                                    (abs)        0003E6
_ADRPT                                                    (abs)        0003E7
_ADPREVL                                                  (abs)        0003E8
_ADPREVH                                                  (abs)        0003E9
_ADRESL                                                   (abs)        0003EA
_ADRESH                                                   (abs)        0003EB
_ADPCH                                                    (abs)        0003EC
_ADACQL                                                   (abs)        0003EE
_ADACQH                                                   (abs)        0003EF
_ADCAP                                                    (abs)        0003F0
_ADPREL                                                   (abs)        0003F1
_ADPREH                                                   (abs)        0003F2
_ADCON0                                                   (abs)        0003F3
_ADCON0bits                                               (abs)        0003F3
_ADCON1                                                   (abs)        0003F4
_ADCON1bits                                               (abs)        0003F4
_ADCON2                                                   (abs)        0003F5
_ADCON2bits                                               (abs)        0003F5
_ADCON3                                                   (abs)        0003F6
_ADCON3bits                                               (abs)        0003F6
_ADSTAT                                                   (abs)        0003F7
_ADSTATbits                                               (abs)        0003F7
_ADREF                                                    (abs)        0003F8
_ADACT                                                    (abs)        0003F9
_ADCLK                                                    (abs)        0003FA
_ADCTX                                                    (abs)        0003FB
_ADCSEL1                                                  (abs)        0003FC
_ADCSEL1bits                                              (abs)        0003FC
_ANSELA                                                   (abs)        000400
_WPUA                                                     (abs)        000401
_ODCONA                                                   (abs)        000402
_SLRCONA                                                  (abs)        000403
_INLVLA                                                   (abs)        000404
_ANSELB                                                   (abs)        000408
_WPUB                                                     (abs)        000409
_ODCONB                                                   (abs)        00040A
_SLRCONB                                                  (abs)        00040B
_INLVLB                                                   (abs)        00040C
_ANSELC                                                   (abs)        000410
_WPUC                                                     (abs)        000411
_ODCONC                                                   (abs)        000412
_SLRCONC                                                  (abs)        000413
_INLVLC                                                   (abs)        000414
_ANSELD                                                   (abs)        000418
_WPUD                                                     (abs)        000419
_ODCOND                                                   (abs)        00041A
_SLRCOND                                                  (abs)        00041B
_INLVLD                                                   (abs)        00041C
_ANSELE                                                   (abs)        000420
_WPUE                                                     (abs)        000421
_ODCONE                                                   (abs)        000422
_SLRCONE                                                  (abs)        000423
_INLVLE                                                   (abs)        000424
_PIR1bits                                                 (abs)        0004AF
_PIR2bits                                                 (abs)        0004B0
_LATA                                                     (abs)        0004BE
_LATB                                                     (abs)        0004BF
_LATC                                                     (abs)        0004C0
_LATD                                                     (abs)        0004C1
_LATE                                                     (abs)        0004C2
_TRISA                                                    (abs)        0004C6
_TRISB                                                    (abs)        0004C7
_TRISC                                                    (abs)        0004C8
_TRISD                                                    (abs)        0004C9
_TRISE                                                    (abs)        0004CA
?_ADC_GetConversionResult                                 cstackCOMRAM 000501
?___awdiv                                                 cstackCOMRAM 000501
?_get_TM_General_Broadcast_msg                            cstackCOMRAM 000501
ADC_SelectContext@context                                 cstackCOMRAM 000501
ADC_SetADIInterruptHandler@InterruptHandler               cstackCOMRAM 000501
ADC_SetActiveClockTuningInterruptHandler@InterruptHandler cstackCOMRAM 000501
ADC_SetContext1ThresholdInterruptHandler@InterruptHandler cstackCOMRAM 000501
ADC_StartConversion@channel                               cstackCOMRAM 000501
CAN1_OperationModeSet@opMode                              cstackCOMRAM 000501
GetTxFifoStatus@validChannel                              cstackCOMRAM 000501
___awdiv@dividend                                         cstackCOMRAM 000501
__pcstackCOMRAM                                           cstackCOMRAM 000501
_isTxChannel$396                                          cstackCOMRAM 000501
adc_to_temp@reading                                       cstackCOMRAM 000501
CAN1_OperationModeSet@status                              cstackCOMRAM 000502
ValidateTransmission@txCanMsg                             cstackCOMRAM 000502
CAN1_OperationModeSet@requestMode                         cstackCOMRAM 000503
CAN1_TransmitFIFOStatusGet@status                         cstackCOMRAM 000503
___awdiv@divisor                                          cstackCOMRAM 000503
CAN1_TransmitFIFOStatusGet@fifoChannel                    cstackCOMRAM 000504
___awdiv@counter                                          cstackCOMRAM 000505
___awdiv@sign                                             cstackCOMRAM 000506
ValidateTransmission@validChannel                         cstackCOMRAM 000507
___awdiv@quotient                                         cstackCOMRAM 000507
ValidateTransmission@txMsgStatus                          cstackCOMRAM 000508
?_get_TM2BMS_Broadcast_msg                                cstackCOMRAM 000509
ValidateTransmission@field                                cstackCOMRAM 000509
WriteMessageToFifo@txFifoObj                              cstackCOMRAM 00050C
WriteMessageToFifo@txCanMsg                               cstackCOMRAM 00050E
WriteMessageToFifo@status                                 cstackCOMRAM 000512
WriteMessageToFifo@msgId                                  cstackCOMRAM 000513
CAN1_Transmit@txCanMsg                                    cstackCOMRAM 000517
CAN1_Transmit@status                                      cstackCOMRAM 000519
CAN1_Transmit@txFifoObj                                   cstackCOMRAM 00051A
CAN1_Transmit@fifoChannel                                 cstackCOMRAM 00051C
__pbssCOMRAM                                              bssCOMRAM    000534
_ADC_ActiveClockTuning_ISR                                nvCOMRAM     000546
__pnvCOMRAM                                               nvCOMRAM     000546
_ADC_Context1Thereshld_ISR                                nvCOMRAM     000549
_ADC_ConversionComplete_ISR                               nvCOMRAM     00054C
__accesstop                                               (abs)        000560
__pbssBANK5                                               bssBANK5     000560
_temps                                                    bssBANK5     000560
__Hspace_1                                                (abs)        000578
__S1                                                      (abs)        000578
__Hramtop                                                 ramtop       003700
__Lramtop                                                 ramtop       003700
__Lsmallconst                                             smallconst   003700
__psmallconst                                             smallconst   003700
__ramtop                                                  ramtop       003700
__smallconst                                              smallconst   003700
_DLC_BYTES                                                smallconst   003701
__end_of_DLC_BYTES                                        smallconst   00370A
__end_of_FIFO                                             smallconst   00370C
_WriteMessageToFifo                                       text21       00370E
__Hsmallconst                                             smallconst   00370E
__ptext21                                                 text21       00370E
__end_of_WriteMessageToFifo                               text21       003936
__ptext0                                                  text0        003936
_main                                                     text0        003936
__end_of_main                                             text0        003A88
__ptext2                                                  text2        003A88
_get_TM2BMS_Broadcast_msg                                 text2        003A88
__end_of_get_TM2BMS_Broadcast_msg                         text2        003BA0
__ptext1                                                  text1        003BA0
_get_TM_General_Broadcast_msg                             text1        003BA0
_ValidateTransmission                                     text23       003CB6
__end_of_get_TM_General_Broadcast_msg                     text1        003CB6
__ptext23                                                 text23       003CB6
___awdiv                                                  text4        003D8C
__end_of_ValidateTransmission                             text23       003D8C
__ptext4                                                  text4        003D8C
_ADC_Initialize                                           text14       003E50
__end_of___awdiv                                          text4        003E50
__ptext14                                                 text14       003E50
_CAN1_Transmit                                            text19       003F08
__end_of_ADC_Initialize                                   text14       003F08
__ptext19                                                 text19       003F08
_CAN1_OperationModeSet                                    text12       003F98
__end_of_CAN1_Transmit                                    text19       003F98
__ptext12                                                 text12       003F98
_PIN_MANAGER_Initialize                                   text8        004020
__end_of_CAN1_OperationModeSet                            text12       004020
__ptext8                                                  text8        004020
__end_of_PIN_MANAGER_Initialize                           text8        00409E
__ptext22                                                 text22       00409E
_memcpy                                                   text22       00409E
_CAN1_Initialize                                          text10       0040EE
__end_of_memcpy                                           text22       0040EE
__ptext10                                                 text10       0040EE
__end_of_CAN1_Initialize                                  text10       004136
__ptext20                                                 text20       004136
_isTxChannel                                              text20       004136
__end_of_isTxChannel                                      text20       004174
__ptext3                                                  text3        004174
_get_checksum                                             text3        004174
_PMD_Initialize                                           text7        0041A8
__end_of_get_checksum                                     text3        0041A8
__ptext7                                                  text7        0041A8
_CAN1_TransmitFIFOStatusGet                               text18       0041D0
__end_of_PMD_Initialize                                   text7        0041D0
__ptext18                                                 text18       0041D0
_CAN1_TX_FIFO_Configuration                               text11       0041F8
__end_of_CAN1_TransmitFIFOStatusGet                       text18       0041F8
__ptext11                                                 text11       0041F8
__end_of_CAN1_TX_FIFO_Configuration                       text11       00421C
__initialization                                          cinit        00421C
__pcinit                                                  cinit        00421C
__end_of__initialization                                  cinit        004234
_OSCILLATOR_Initialize                                    text9        00423A
__ptext9                                                  text9        00423A
_GetTxFifoStatus                                          text24       004252
__end_of_OSCILLATOR_Initialize                            text9        004252
__ptext24                                                 text24       004252
_SYSTEM_Initialize                                        text6        00426A
__end_of_GetTxFifoStatus                                  text24       00426A
__ptext6                                                  text6        00426A
_ADC_IsConversionDone                                     text28       004280
__end_of_SYSTEM_Initialize                                text6        004280
__ptext28                                                 text28       004280
_ADC_GetConversionResult                                  text29       004296
__end_of_ADC_IsConversionDone                             text28       004296
__ptext29                                                 text29       004296
_CAN1_BitRateConfiguration                                text13       0042AC
__end_of_ADC_GetConversionResult                          text29       0042AC
__ptext13                                                 text13       0042AC
_ADC_SetContext1ThresholdInterruptHandler                 text15       0042C0
__end_of_CAN1_BitRateConfiguration                        text13       0042C0
__ptext15                                                 text15       0042C0
_ADC_SetActiveClockTuningInterruptHandler                 text16       0042CE
__end_of_ADC_SetContext1ThresholdInterruptHandler         text15       0042CE
__ptext16                                                 text16       0042CE
_ADC_SetADIInterruptHandler                               text17       0042DC
__end_of_ADC_SetActiveClockTuningInterruptHandler         text16       0042DC
__ptext17                                                 text17       0042DC
_ADC_StartConversion                                      text26       0042EA
__end_of_ADC_SetADIInterruptHandler                       text17       0042EA
__ptext26                                                 text26       0042EA
_CAN1_OperationModeGet                                    text25       0042F8
__end_of_ADC_StartConversion                              text26       0042F8
__ptext25                                                 text25       0042F8
_ADC_SelectContext                                        text27       004302
__Linit                                                   init         01FFFC
__Hinit                                                   init         020000
__Hspace_0                                                (abs)        020000
__S0                                                      (abs)        020000
__Hconfig                                                 config       30001F
__Hspace_4                                                (abs)        60001F
__end_of_CAN1_OperationModeGet                            text25       004302
__ptext27                                                 text27       004302
__end_of_ADC_SelectContext                                text27       00430A
__ptext5                                                  text5        00430A
_adc_to_temp                                              text5        00430A
__end_of_adc_to_temp                                      text5        00430E
get_TM_General_Broadcast_msg@temps_array                  cstackCOMRAM 000501
get_checksum@data                                         cstackCOMRAM 000501
memcpy@d1                                                 cstackCOMRAM 000501
isTxChannel@channel                                       cstackCOMRAM 000502
get_checksum@len                                          cstackCOMRAM 000503
memcpy@s1                                                 cstackCOMRAM 000503
get_checksum@sum                                          cstackCOMRAM 000504
get_checksum@i                                            cstackCOMRAM 000505
memcpy@n                                                  cstackCOMRAM 000505
memcpy@d                                                  cstackCOMRAM 000507
get_TM2BMS_Broadcast_msg@temps_array                      cstackCOMRAM 000509
get_TM_General_Broadcast_msg@total_temp                   cstackCOMRAM 000509
memcpy@s                                                  cstackCOMRAM 000509
get_TM_General_Broadcast_msg@data_array                   cstackCOMRAM 00050A
memcpy@tmp                                                cstackCOMRAM 00050B
get_TM2BMS_Broadcast_msg@avg_temp                         cstackCOMRAM 000511
get_TM2BMS_Broadcast_msg@data_array                       cstackCOMRAM 000512
get_TM_General_Broadcast_msg@broadcast_therm_temp         cstackCOMRAM 000512
get_TM_General_Broadcast_msg@min_temp_i                   cstackCOMRAM 000513
get_TM_General_Broadcast_msg@max_temp_i                   cstackCOMRAM 000514
get_TM_General_Broadcast_msg@absolute_therm_id            cstackCOMRAM 000515
get_TM_General_Broadcast_msg@min_temp                     cstackCOMRAM 000517
get_TM_General_Broadcast_msg@max_temp                     cstackCOMRAM 000518
get_TM_General_Broadcast_msg@this_temp                    cstackCOMRAM 000519
get_TM2BMS_Broadcast_msg@min_temp_i                       cstackCOMRAM 00051A
get_TM_General_Broadcast_msg@temp_i                       cstackCOMRAM 00051A
get_TM2BMS_Broadcast_msg@max_temp_i                       cstackCOMRAM 00051B
get_TM_General_Broadcast_msg@msg                          cstackCOMRAM 00051B
get_TM2BMS_Broadcast_msg@total_temp                       cstackCOMRAM 00051C
get_TM2BMS_Broadcast_msg@min_temp                         cstackCOMRAM 00051D
get_TM2BMS_Broadcast_msg@max_temp                         cstackCOMRAM 00051E
get_TM2BMS_Broadcast_msg@this_temp                        cstackCOMRAM 00051F
get_TM2BMS_Broadcast_msg@temp_i                           cstackCOMRAM 000520
get_TM2BMS_Broadcast_msg@msg                              cstackCOMRAM 000521
get_TM_General_Broadcast_msg@broadcast_therm_i            bssCOMRAM    000544
end_of_initialization                                     cinit        004234
main@reading                                              cstackCOMRAM 00052A
main@therm_i                                              cstackCOMRAM 00052C
main@msg                                                  cstackCOMRAM 00052D
start_initialization                                      cinit        00421C
start                                                     init         01FFFC
