Microchip MPLAB XC8 Compiler V2.46

Linker command line:

--edf=C:\Program Files\Microchip\xc8\v2.46\pic\dat\20240104201356_en.msgs \
  -pivt0x8=08h -cn -h+dist/default/production\can-node.X.production.sym \
  --cmf=dist/default/production\can-node.X.production.cmf -z -Q18F47Q84 \
  -oC:\Users\ethan\AppData\Local\Temp\xcAs1738.\driver_tmp_3.o \
  --defsym=__MPLAB_BUILD=1 --fixupoverflow=error \
  -Mdist/default/production/can-node.X.production.map \
  --md=C:\Users\ethan\AppData\Local\Temp\xcAs1738.\driver_tmp_0.dat -E1 \
  -ver=XC8 Compiler --acfsm=1493 -ACODE=00h-01FFFFh -ACONST=00h-01FFFFh \
  -ASMALLCONST=03700h-037FFhx457 \
  -AMEDIUMCONST=03700h-0FFFFh,013700h-01FFFFh -ACOMRAM=0501h-055Fh \
  -AABS1=0500h-036FFh -ABIGRAM=0501h-036FFh \
  -ARAM=0560h-05FFh,0600h-06FFhx49 -ABANK5=0560h-05FFh -ABANK6=0600h-06FFh \
  -ABANK7=0700h-07FFh -ABANK8=0800h-08FFh -ABANK9=0900h-09FFh \
  -ABANK10=0A00h-0AFFh -ABANK11=0B00h-0BFFh -ABANK12=0C00h-0CFFh \
  -ABANK13=0D00h-0DFFh -ABANK14=0E00h-0EFFh -ABANK15=0F00h-0FFFh \
  -ABANK16=01000h-010FFh -ABANK17=01100h-011FFh -ABANK18=01200h-012FFh \
  -ABANK19=01300h-013FFh -ABANK20=01400h-014FFh -ABANK21=01500h-015FFh \
  -ABANK22=01600h-016FFh -ABANK23=01700h-017FFh -ABANK24=01800h-018FFh \
  -ABANK25=01900h-019FFh -ABANK26=01A00h-01AFFh -ABANK27=01B00h-01BFFh \
  -ABANK28=01C00h-01CFFh -ABANK29=01D00h-01DFFh -ABANK30=01E00h-01EFFh \
  -ABANK31=01F00h-01FFFh -ABANK32=02000h-020FFh -ABANK33=02100h-021FFh \
  -ABANK34=02200h-022FFh -ABANK35=02300h-023FFh -ABANK36=02400h-024FFh \
  -ABANK37=02500h-025FFh -ABANK38=02600h-026FFh -ABANK39=02700h-027FFh \
  -ABANK40=02800h-028FFh -ABANK41=02900h-029FFh -ABANK42=02A00h-02AFFh \
  -ABANK43=02B00h-02BFFh -ABANK44=02C00h-02CFFh -ABANK45=02D00h-02DFFh \
  -ABANK46=02E00h-02EFFh -ABANK47=02F00h-02FFFh -ABANK48=03000h-030FFh \
  -ABANK49=03100h-031FFh -ABANK50=03200h-032FFh -ABANK51=03300h-033FFh \
  -ABANK52=03400h-034FFh -ABANK53=03500h-035FFh -ABANK54=03600h-036FFh \
  -ASFR=00h-0FFhx4,0400h-045Fh,0460h-04FFh,03700h-037FFhx9 \
  -ABIGSFR=00h-04FFh,03700h-03FFFh -ACONFIG=0300000h-0300023h \
  -AIDLOC=0200000h-020003Fh -AEEDATA=0380000h-03803FFh -peeprom_data=EEDATA \
  -preset_vec=00h -ppowerup=CODE,init -pramtop=03700h \
  -psmallconst=SMALLCONST -pmediumconst=MEDIUMCONST -pconst=CONST \
  -AFARRAM=00h-00h \
  -prdata=COMRAM,nvrram=COMRAM,nvbit=COMRAM,rbss=COMRAM,rbit=COMRAM \
  -pfarbss=FARRAM,fardata=FARRAM,nvFARRAM=FARRAM \
  -pintsave_regs=BIGRAM,bigbss=BIGRAM,bigdata=BIGRAM -pbss=RAM \
  -pidata=CODE,irdata=CODE,ibigdata=CODE,ifardata=CODE -prparam=COMRAM \
  C:\Users\ethan\AppData\Local\Temp\xcAs1738.\driver_tmp_9.o \
  dist/default/production\can-node.X.production.o 

Object code version is 3.11

Machine type is 18F47Q84



                Name                               Link     Load   Length Selector   Space Scale
C:\Users\ethan\AppData\Local\Temp\xcAs1738.\driver_tmp_9.o
                config                           300000   300000       1F        0       4
                init                                 1A       1A        4        4       0
                reset_vec                             0        0        4        0       0
dist/default/production\can-node.X.production.o
                config                           300000   300000       1F        0       4
                smallconst                         3700     3700       12     1B80       0
                ivt0x8                                8        8       12        4       0
                text45                             55E0     55E0        2     3712       0
                text44                             55DE     55DE        2     3712       0
                text43                             55DC     55DC        2     3712       0
                text42                             55DA     55DA        2     3712       0
                text41                             55D8     55D8        2     3712       0
                text40                             55D6     55D6        2     3712       0
                text39                             4CFE     4CFE      12C     3712       0
                text38                             53BA     53BA       32     3712       0
                text37                             54E2     54E2       16     3712       0
                text36                             54CC     54CC       16     3712       0
                text35                             55C8     55C8        8     3712       0
                text34                             559A     559A        E     3712       0
                text33                             55BE     55BE        A     3712       0
                text32                             54B4     54B4       18     3712       0
                text31                             4E2A     4E2A       D6     3712       0
                text30                             52E0     52E0       50     3712       0
                text29                             4712     4712      228     3712       0
                text28                             537C     537C       3E     3712       0
                text27                             5050     5050       90     3712       0
                text26                             5414     5414       28     3712       0
                text25                             558C     558C        E     3712       0
                text24                             557E     557E        E     3712       0
                text23                             5570     5570        E     3712       0
                text22                             4F00     4F00       B8     3712       0
                text21                             54F8     54F8       14     3712       0
                text20                             5562     5562        E     3712       0
                text19                             5554     5554        E     3712       0
                text18                             5546     5546        E     3712       0
                text17                             5538     5538        E     3712       0
                text16                             552A     552A        E     3712       0
                text15                             551C     551C        E     3712       0
                text14                             5268     5268       78     3712       0
                text13                             5168     5168       88     3712       0
                text12                             543C     543C       24     3712       0
                text11                             5330     5330       4C     3712       0
                text10                             55A8     55A8        C     3712       0
                text9                              55D0     55D0        4     3712       0
                text8                              549C     549C       18     3712       0
                text7                              4FB8     4FB8       98     3712       0
                text6                              53EC     53EC       28     3712       0
                text5                              5482     5482       1A     3712       0
                text4                              5460     5460       22     3712       0
                text3                              550C     550C       10     3712       0
                text2                              4B50     4B50      1AE     3712       0
                text1                              51F0     51F0       78     3712       0
                text0                              493A     493A      216     3712       0
                cstackCOMRAM                        526      526       20      501       1
                cstackBANK5                         560      560        E      560       1
                dataBIGRAM                          582      582     1000      582       1
                dataBANK5                           578      578        A      560       1
                bssBANK5                            56E      56E        A      560       1
                dataCOMRAM                          54F      54F        2      501       1
                bssCOMRAM                           501      501       25      501       1
                cinit                              50E0     50E0       88     3712       0
                nvCOMRAM                            546      546        9      501       1
                idataBANK5                         55B4     55B4        A     3712       0
                idataBIGRAM                        3712     3712     1000     3712       0
                idataCOMRAM                        55D4     55D4        2     3712       0

TOTAL           Name                               Link     Load   Length     Space
        CLASS   CODE           
                init                                 1A       1A        4         0
                reset_vec                             0        0        4         0
                ivt0x8                                8        8       12         0
                text45                             55E0     55E0        2         0
                text44                             55DE     55DE        2         0
                text43                             55DC     55DC        2         0
                text42                             55DA     55DA        2         0
                text41                             55D8     55D8        2         0
                text40                             55D6     55D6        2         0
                text39                             4CFE     4CFE      12C         0
                text38                             53BA     53BA       32         0
                text37                             54E2     54E2       16         0
                text36                             54CC     54CC       16         0
                text35                             55C8     55C8        8         0
                text34                             559A     559A        E         0
                text33                             55BE     55BE        A         0
                text32                             54B4     54B4       18         0
                text31                             4E2A     4E2A       D6         0
                text30                             52E0     52E0       50         0
                text29                             4712     4712      228         0
                text28                             537C     537C       3E         0
                text27                             5050     5050       90         0
                text26                             5414     5414       28         0
                text25                             558C     558C        E         0
                text24                             557E     557E        E         0
                text23                             5570     5570        E         0
                text22                             4F00     4F00       B8         0
                text21                             54F8     54F8       14         0
                text20                             5562     5562        E         0
                text19                             5554     5554        E         0
                text18                             5546     5546        E         0
                text17                             5538     5538        E         0
                text16                             552A     552A        E         0
                text15                             551C     551C        E         0
                text14                             5268     5268       78         0
                text13                             5168     5168       88         0
                text12                             543C     543C       24         0
                text11                             5330     5330       4C         0
                text10                             55A8     55A8        C         0
                text9                              55D0     55D0        4         0
                text8                              549C     549C       18         0
                text7                              4FB8     4FB8       98         0
                text6                              53EC     53EC       28         0
                text5                              5482     5482       1A         0
                text4                              5460     5460       22         0
                text3                              550C     550C       10         0
                text2                              4B50     4B50      1AE         0
                text1                              51F0     51F0       78         0
                text0                              493A     493A      216         0
                cinit                              50E0     50E0       88         0
                idataBANK5                         55B4     55B4        A         0
                idataBIGRAM                        3712     3712     1000         0
                idataCOMRAM                        55D4     55D4        2         0

        CLASS   CONST          

        CLASS   SMALLCONST     
                smallconst                         3700     3700       12         0

        CLASS   MEDIUMCONST    

        CLASS   COMRAM         
                cstackCOMRAM                        526      526       20         1
                dataCOMRAM                          54F      54F        2         1
                bssCOMRAM                           501      501       25         1
                nvCOMRAM                            546      546        9         1

        CLASS   ABS1           

        CLASS   BIGRAM         
                dataBIGRAM                          582      582     1000         1

        CLASS   RAM            

        CLASS   BANK5          
                cstackBANK5                         560      560        E         1
                dataBANK5                           578      578        A         1
                bssBANK5                            56E      56E        A         1

        CLASS   BANK6          

        CLASS   BANK7          

        CLASS   BANK8          

        CLASS   BANK9          

        CLASS   BANK10         

        CLASS   BANK11         

        CLASS   BANK12         

        CLASS   BANK13         

        CLASS   BANK14         

        CLASS   BANK15         

        CLASS   BANK16         

        CLASS   BANK17         

        CLASS   BANK18         

        CLASS   BANK19         

        CLASS   BANK20         

        CLASS   BANK21         

        CLASS   BANK22         

        CLASS   BANK23         

        CLASS   BANK24         

        CLASS   BANK25         

        CLASS   BANK26         

        CLASS   BANK27         

        CLASS   BANK28         

        CLASS   BANK29         

        CLASS   BANK30         

        CLASS   BANK31         

        CLASS   BANK32         

        CLASS   BANK33         

        CLASS   BANK34         

        CLASS   BANK35         

        CLASS   BANK36         

        CLASS   BANK37         

        CLASS   BANK38         

        CLASS   BANK39         

        CLASS   BANK40         

        CLASS   BANK41         

        CLASS   BANK42         

        CLASS   BANK43         

        CLASS   BANK44         

        CLASS   BANK45         

        CLASS   BANK46         

        CLASS   BANK47         

        CLASS   BANK48         

        CLASS   BANK49         

        CLASS   BANK50         

        CLASS   BANK51         

        CLASS   BANK52         

        CLASS   BANK53         

        CLASS   BANK54         

        CLASS   SFR            

        CLASS   BIGSFR         

        CLASS   CONFIG         
                config                           300000   300000       1F         4

        CLASS   IDLOC          

        CLASS   EEDATA         

        CLASS   FARRAM         

        CLASS   HEAP           

        CLASS   STACK          



SEGMENTS        Name                           Load    Length   Top    Selector   Space  Class

                reset_vec                      000000  000004  000004         0       0  CODE    
                ivt0x8                         000008  000016  00001E         4       0  CODE    
                bssCOMRAM                      000501  000050  000551       501       1  COMRAM  
                cstackBANK5                    000560  000022  000582       560       1  BANK5   
                dataBIGRAM                     000582  001000  001582       582       1  BIGRAM  
                smallconst                     003700  000012  003712      1B80       0  SMALLCON
                idataBIGRAM                    003712  001ED0  0055E2      3712       0  CODE    


UNUSED ADDRESS RANGES

        Name                Unused          Largest block    Delta
        BANK21           001582-0015FF               7E
        BANK22           001600-0016FF              100
        BANK23           001700-0017FF              100
        BANK24           001800-0018FF              100
        BANK25           001900-0019FF              100
        BANK26           001A00-001AFF              100
        BANK27           001B00-001BFF              100
        BANK28           001C00-001CFF              100
        BANK29           001D00-001DFF              100
        BANK30           001E00-001EFF              100
        BANK31           001F00-001FFF              100
        BANK32           002000-0020FF              100
        BANK33           002100-0021FF              100
        BANK34           002200-0022FF              100
        BANK35           002300-0023FF              100
        BANK36           002400-0024FF              100
        BANK37           002500-0025FF              100
        BANK38           002600-0026FF              100
        BANK39           002700-0027FF              100
        BANK40           002800-0028FF              100
        BANK41           002900-0029FF              100
        BANK42           002A00-002AFF              100
        BANK43           002B00-002BFF              100
        BANK44           002C00-002CFF              100
        BANK45           002D00-002DFF              100
        BANK46           002E00-002EFF              100
        BANK47           002F00-002FFF              100
        BANK48           003000-0030FF              100
        BANK49           003100-0031FF              100
        BANK50           003200-0032FF              100
        BANK51           003300-0033FF              100
        BANK52           003400-0034FF              100
        BANK53           003500-0035FF              100
        BANK54           003600-0036FF              100
        BIGRAM           000551-00055F                F
                         001582-0036FF             217E
        BIGSFR           000000-0004FF              500
                         003700-003FFF              900
        CODE             000004-000007                4
                         00001E-0036FF             36E2
                         0055E2-01FFFF            1AA1E
        COMRAM           000551-00055F                F
        CONFIG           30001F-300023                5
        CONST            000004-000007                4
                         00001E-0036FF             36E2
                         0055E2-01FFFF            1AA1E
        EEDATA           380000-3803FF              400
        IDLOC            200000-20003F               40
        MEDIUMCONST      0055E2-00FFFF             AA1E
                         013700-01FFFF             C900
        RAM              001582-0036FF              100
        SFR              000000-0004FF              100
                         003700-003FFF              100
        SMALLCONST       0055E2-01FFFF              100

                                  Symbol Table

?_ADC_GetConversionResult                                 cstackCOMRAM 000528
?_get_PD_Broadcast_msg                                    cstackCOMRAM 000528
?_get_Therm_Broadcast_msg                                 cstackCOMRAM 000528
ADC_SelectContext@context                                 cstackCOMRAM 000528
ADC_SetADIInterruptHandler@InterruptHandler               cstackCOMRAM 000528
ADC_SetActiveClockTuningInterruptHandler@InterruptHandler cstackCOMRAM 000528
ADC_SetContext1ThresholdInterruptHandler@InterruptHandler cstackCOMRAM 000528
ADC_StartConversion@channel                               cstackCOMRAM 000528
CAN1_OperationModeSet@opMode                              cstackCOMRAM 000528
CAN1_OperationModeSet@requestMode                         cstackCOMRAM 00052A
CAN1_OperationModeSet@status                              cstackCOMRAM 000529
CAN1_SetBusErrorInterruptHandler@handler                  cstackCOMRAM 000528
CAN1_SetBusWakeUpActivityInterruptHandler@handler         cstackCOMRAM 000528
CAN1_SetInvalidMessageInterruptHandler@handler            cstackCOMRAM 000528
CAN1_SetModeChangeInterruptHandler@handler                cstackCOMRAM 000528
CAN1_SetSystemErrorInterruptHandler@handler               cstackCOMRAM 000528
CAN1_SetTxAttemptInterruptHandler@handler                 cstackCOMRAM 000528
CAN1_Transmit@fifoChannel                                 cstackCOMRAM 000543
CAN1_Transmit@status                                      cstackCOMRAM 000540
CAN1_Transmit@txCanMsg                                    cstackCOMRAM 00053E
CAN1_Transmit@txFifoObj                                   cstackCOMRAM 000541
CAN1_TransmitFIFOStatusGet@fifoChannel                    cstackCOMRAM 00052B
CAN1_TransmitFIFOStatusGet@status                         cstackCOMRAM 00052A
GetTxFifoStatus@validChannel                              cstackCOMRAM 000528
IVTBASEH                                                  (abs)        00045E
IVTBASEL                                                  (abs)        00045D
IVTBASEU                                                  (abs)        00045F
ValidateTransmission@field                                cstackCOMRAM 000530
ValidateTransmission@txCanMsg                             cstackCOMRAM 000529
ValidateTransmission@txMsgStatus                          cstackCOMRAM 00052F
ValidateTransmission@validChannel                         cstackCOMRAM 00052E
WriteMessageToFifo@msgId                                  cstackCOMRAM 00053A
WriteMessageToFifo@status                                 cstackCOMRAM 000539
WriteMessageToFifo@txCanMsg                               cstackCOMRAM 000535
WriteMessageToFifo@txFifoObj                              cstackCOMRAM 000533
_ADACCH                                                   (abs)        0003E4
_ADACCL                                                   (abs)        0003E3
_ADACCU                                                   (abs)        0003E5
_ADACQH                                                   (abs)        0003EF
_ADACQL                                                   (abs)        0003EE
_ADACT                                                    (abs)        0003F9
_ADCAP                                                    (abs)        0003F0
_ADCLK                                                    (abs)        0003FA
_ADCNT                                                    (abs)        0003E6
_ADCON0                                                   (abs)        0003F3
_ADCON0bits                                               (abs)        0003F3
_ADCON1                                                   (abs)        0003F4
_ADCON1bits                                               (abs)        0003F4
_ADCON2                                                   (abs)        0003F5
_ADCON2bits                                               (abs)        0003F5
_ADCON3                                                   (abs)        0003F6
_ADCON3bits                                               (abs)        0003F6
_ADCP                                                     (abs)        0003D8
_ADCPbits                                                 (abs)        0003D8
_ADCSEL1                                                  (abs)        0003FC
_ADCSEL1bits                                              (abs)        0003FC
_ADCTX                                                    (abs)        0003FB
_ADC_ActiveClockTuning_ISR                                nvCOMRAM     000546
_ADC_Context1Thereshld_ISR                                nvCOMRAM     000549
_ADC_ConversionComplete_ISR                               nvCOMRAM     00054C
_ADC_DefaultADI_ISR                                       (abs)        000000
_ADC_DefaultActiveClockTuning_ISR                         (abs)        000000
_ADC_DefaultContext1Threshold_ISR                         (abs)        000000
_ADC_GetConversionResult                                  text37       0054E2
_ADC_Initialize                                           text22       004F00
_ADC_IsConversionDone                                     text36       0054CC
_ADC_SelectContext                                        text35       0055C8
_ADC_SetADIInterruptHandler                               text25       00558C
_ADC_SetActiveClockTuningInterruptHandler                 text24       00557E
_ADC_SetContext1ThresholdInterruptHandler                 text23       005570
_ADC_StartConversion                                      text34       00559A
_ADERRH                                                   (abs)        0003DE
_ADERRL                                                   (abs)        0003DD
_ADFLTRH                                                  (abs)        0003E2
_ADFLTRL                                                  (abs)        0003E1
_ADLTHH                                                   (abs)        0003DA
_ADLTHL                                                   (abs)        0003D9
_ADPCH                                                    (abs)        0003EC
_ADPREH                                                   (abs)        0003F2
_ADPREL                                                   (abs)        0003F1
_ADPREVH                                                  (abs)        0003E9
_ADPREVL                                                  (abs)        0003E8
_ADREF                                                    (abs)        0003F8
_ADRESH                                                   (abs)        0003EB
_ADRESL                                                   (abs)        0003EA
_ADRPT                                                    (abs)        0003E7
_ADSTAT                                                   (abs)        0003F7
_ADSTATbits                                               (abs)        0003F7
_ADSTPTH                                                  (abs)        0003E0
_ADSTPTL                                                  (abs)        0003DF
_ADUTHH                                                   (abs)        0003DC
_ADUTHL                                                   (abs)        0003DB
_ANSELA                                                   (abs)        000400
_ANSELB                                                   (abs)        000408
_ANSELC                                                   (abs)        000410
_ANSELD                                                   (abs)        000418
_ANSELE                                                   (abs)        000420
_C1CONH                                                   (abs)        000101
_C1CONHbits                                               (abs)        000101
_C1CONL                                                   (abs)        000100
_C1CONTbits                                               (abs)        000103
_C1CONU                                                   (abs)        000102
_C1CONUbits                                               (abs)        000102
_C1FIFOBA                                                 (abs)        00014C
_C1FIFOCON1H                                              (abs)        00015D
_C1FIFOCON1L                                              (abs)        00015C
_C1FIFOCON1T                                              (abs)        00015F
_C1FIFOCON1U                                              (abs)        00015E
_C1FIFOSTA1Lbits                                          (abs)        000160
_C1INTH                                                   (abs)        00011D
_C1INTHbits                                               (abs)        00011D
_C1INTL                                                   (abs)        00011C
_C1INTLbits                                               (abs)        00011C
_C1INTT                                                   (abs)        00011F
_C1INTTbits                                               (abs)        00011F
_C1INTU                                                   (abs)        00011E
_C1NBTCFGH                                                (abs)        000105
_C1NBTCFGL                                                (abs)        000104
_C1NBTCFGT                                                (abs)        000107
_C1NBTCFGU                                                (abs)        000106
_C1TRECUbits                                              (abs)        000136
_C1TXQCONH                                                (abs)        000151
_C1TXQCONL                                                (abs)        000150
_C1TXQCONT                                                (abs)        000153
_C1TXQCONU                                                (abs)        000152
_C1TXQSTALbits                                            (abs)        000154
_CAN1_BitRateConfiguration                                text21       0054F8
_CAN1_BusErrorHandler                                     bssCOMRAM    000512
_CAN1_BusWakeUpActivityHandler                            bssCOMRAM    000515
_CAN1_ErrorNotificationInterruptEnable                    text14       005268
_CAN1_ISR                                                 text39       004CFE
_CAN1_Initialize                                          text11       005330
_CAN1_InvalidMessageHandler                               bssCOMRAM    000518
_CAN1_ModeChangeHandler                                   bssCOMRAM    00050F
_CAN1_OperationModeGet                                    text33       0055BE
_CAN1_OperationModeSet                                    text13       005168
_CAN1_SetBusErrorInterruptHandler                         text20       005562
_CAN1_SetBusWakeUpActivityInterruptHandler                text19       005554
_CAN1_SetInvalidMessageInterruptHandler                   text18       005546
_CAN1_SetModeChangeInterruptHandler                       text17       005538
_CAN1_SetSystemErrorInterruptHandler                      text16       00552A
_CAN1_SetTxAttemptInterruptHandler                        text15       00551C
_CAN1_SystemErrorHandler                                  bssCOMRAM    00050C
_CAN1_TX_FIFO_Configuration                               text12       00543C
_CAN1_Transmit                                            text27       005050
_CAN1_TransmitFIFOStatusGet                               text26       005414
_CAN1_TxAttemptHandler                                    bssCOMRAM    000509
_CANRXPPS                                                 (abs)        00023D
_CLKRCLK                                                  (abs)        00003A
_CLKRCON                                                  (abs)        000039
_CLKREF_Initialize                                        text10       0055A8
_DLC_BYTES                                                smallconst   003701
_DefaultBusErrorHandler                                   text45       0055E0
_DefaultBusWakeUpActivityHandler                          text44       0055DE
_DefaultInvalidMessageHandler                             text43       0055DC
_DefaultModeChangeHandler                                 text42       0055DA
_DefaultSystemErrorHandler                                text41       0055D8
_DefaultTxAttemptHandler                                  text40       0055D6
_GetTxFifoStatus                                          text32       0054B4
_INLVLA                                                   (abs)        000404
_INLVLB                                                   (abs)        00040C
_INLVLC                                                   (abs)        000414
_INLVLD                                                   (abs)        00041C
_INLVLE                                                   (abs)        000424
_INTCON0bits                                              (abs)        0004D6
_INTERRUPT_Initialize                                     text9        0055D0
_INTERRUPT_InterruptManager                               text38       0053BA
_LATA                                                     (abs)        0004BE
_LATB                                                     (abs)        0004BF
_LATC                                                     (abs)        0004C0
_LATD                                                     (abs)        0004C1
_LATE                                                     (abs)        0004C2
_ODCONA                                                   (abs)        000402
_ODCONB                                                   (abs)        00040A
_ODCONC                                                   (abs)        000412
_ODCOND                                                   (abs)        00041A
_ODCONE                                                   (abs)        000422
_OSCCON1                                                  (abs)        0000AD
_OSCCON3                                                  (abs)        0000AF
_OSCEN                                                    (abs)        0000B3
_OSCFRQ                                                   (abs)        0000B1
_OSCILLATOR_Initialize                                    text8        00549C
_OSCTUNE                                                  (abs)        0000B0
_PIE0bits                                                 (abs)        00049E
_PIN_MANAGER_Initialize                                   text7        004FB8
_PIR0bits                                                 (abs)        0004AE
_PIR1bits                                                 (abs)        0004AF
_PIR2bits                                                 (abs)        0004B0
_PIR3bits                                                 (abs)        0004B1
_PMD0                                                     (abs)        000060
_PMD1                                                     (abs)        000061
_PMD2                                                     (abs)        000062
_PMD3                                                     (abs)        000063
_PMD4                                                     (abs)        000064
_PMD5                                                     (abs)        000065
_PMD6                                                     (abs)        000066
_PMD7                                                     (abs)        000067
_PMD8                                                     (abs)        000068
_PMD_Initialize                                           text6        0053EC
_PORTDbits                                                (abs)        0004D1
_RC3PPS                                                   (abs)        000214
_RC5PPS                                                   (abs)        000216
_RD1PPS                                                   (abs)        00021A
_SLRCONA                                                  (abs)        000403
_SLRCONB                                                  (abs)        00040B
_SLRCONC                                                  (abs)        000413
_SLRCOND                                                  (abs)        00041B
_SLRCONE                                                  (abs)        000423
_SPI1BAUD                                                 (abs)        000089
_SPI1CLK                                                  (abs)        00008C
_SPI1CON0                                                 (abs)        000084
_SPI1CON0bits                                             (abs)        000084
_SPI1CON1                                                 (abs)        000085
_SPI1CON2                                                 (abs)        000086
_SPI1RXB                                                  (abs)        000080
_SPI1SCKPPS                                               (abs)        00026A
_SPI1SDIPPS                                               (abs)        00026B
_SPI1TCNTL                                                (abs)        000082
_SPI1TXB                                                  (abs)        000081
_SPI1_Initialize                                          text5        005482
_SYSTEM_Initialize                                        text4        005460
_TRISA                                                    (abs)        0004C6
_TRISB                                                    (abs)        0004C7
_TRISC                                                    (abs)        0004C8
_TRISCbits                                                (abs)        0004C8
_TRISD                                                    (abs)        0004C9
_TRISE                                                    (abs)        0004CA
_ValidateTransmission                                     text31       004E2A
_WPUA                                                     (abs)        000401
_WPUB                                                     (abs)        000409
_WPUC                                                     (abs)        000411
_WPUD                                                     (abs)        000419
_WPUE                                                     (abs)        000421
_WriteMessageToFifo                                       text29       004712
__HRAM                                                    (abs)        000000
__H__absolute__                                           __absolute__ 000000
__Habs1                                                   abs1         000000
__Hbank10                                                 bank10       000000
__Hbank11                                                 bank11       000000
__Hbank12                                                 bank12       000000
__Hbank13                                                 bank13       000000
__Hbank14                                                 bank14       000000
__Hbank15                                                 bank15       000000
__Hbank16                                                 bank16       000000
__Hbank17                                                 bank17       000000
__Hbank18                                                 bank18       000000
__Hbank19                                                 bank19       000000
__Hbank20                                                 bank20       000000
__Hbank21                                                 bank21       000000
__Hbank22                                                 bank22       000000
__Hbank23                                                 bank23       000000
__Hbank24                                                 bank24       000000
__Hbank25                                                 bank25       000000
__Hbank26                                                 bank26       000000
__Hbank27                                                 bank27       000000
__Hbank28                                                 bank28       000000
__Hbank29                                                 bank29       000000
__Hbank30                                                 bank30       000000
__Hbank31                                                 bank31       000000
__Hbank32                                                 bank32       000000
__Hbank33                                                 bank33       000000
__Hbank34                                                 bank34       000000
__Hbank35                                                 bank35       000000
__Hbank36                                                 bank36       000000
__Hbank37                                                 bank37       000000
__Hbank38                                                 bank38       000000
__Hbank39                                                 bank39       000000
__Hbank40                                                 bank40       000000
__Hbank41                                                 bank41       000000
__Hbank42                                                 bank42       000000
__Hbank43                                                 bank43       000000
__Hbank44                                                 bank44       000000
__Hbank45                                                 bank45       000000
__Hbank46                                                 bank46       000000
__Hbank47                                                 bank47       000000
__Hbank48                                                 bank48       000000
__Hbank49                                                 bank49       000000
__Hbank5                                                  bank5        000000
__Hbank50                                                 bank50       000000
__Hbank51                                                 bank51       000000
__Hbank52                                                 bank52       000000
__Hbank53                                                 bank53       000000
__Hbank54                                                 bank54       000000
__Hbank6                                                  bank6        000000
__Hbank7                                                  bank7        000000
__Hbank8                                                  bank8        000000
__Hbank9                                                  bank9        000000
__Hbigbss                                                 bigbss       000000
__Hbigdata                                                bigdata      000000
__Hbigram                                                 bigram       000000
__Hbigsfr                                                 bigsfr       000000
__Hbss                                                    bss          000000
__HbssBANK5                                               bssBANK5     000000
__HbssCOMRAM                                              bssCOMRAM    000000
__Hcinit                                                  cinit        000000
__Hclrtext                                                clrtext      000000
__Hcomram                                                 comram       000000
__Hconfig                                                 config       30001F
__Hconst                                                  const        000000
__HcstackBANK5                                            cstackBANK5  000000
__HcstackCOMRAM                                           cstackCOMRAM 000000
__Hdata                                                   data         000000
__HdataBANK5                                              dataBANK5    000000
__HdataBIGRAM                                             dataBIGRAM   000000
__HdataCOMRAM                                             dataCOMRAM   000000
__Heeprom_data                                            eeprom_data  000000
__Hfarbss                                                 farbss       000000
__Hfardata                                                fardata      000000
__Hheap                                                   heap         000000
__Hibigdata                                               ibigdata     000000
__Hidata                                                  idata        000000
__HidataBANK5                                             idataBANK5   000000
__HidataBIGRAM                                            idataBIGRAM  000000
__HidataCOMRAM                                            idataCOMRAM  000000
__Hidloc                                                  idloc        000000
__Hifardata                                               ifardata     000000
__Hinit                                                   init         00001E
__Hintsave_regs                                           intsave_regs 000000
__Hirdata                                                 irdata       000000
__Hivt0x8                                                 ivt0x8       00001A
__Hmediumconst                                            mediumconst  000000
__HnvCOMRAM                                               nvCOMRAM     000000
__HnvFARRAM                                               nvFARRAM     000000
__Hnvbit                                                  nvbit        000000
__Hnvrram                                                 nvrram       000000
__Hparam                                                  rparam       000000
__Hpowerup                                                powerup      000000
__Hram                                                    ram          000000
__Hramtop                                                 ramtop       003700
__Hrbit                                                   rbit         000000
__Hrbss                                                   rbss         000000
__Hrdata                                                  rdata        000000
__Hreset_vec                                              reset_vec    000004
__Hrparam                                                 rparam       000000
__Hsfr                                                    sfr          000000
__Hsmallconst                                             smallconst   003712
__Hspace_0                                                (abs)        0055E2
__Hspace_1                                                (abs)        001582
__Hspace_2                                                (abs)        000000
__Hspace_4                                                (abs)        60001F
__Hstack                                                  stack        000000
__Hstruct                                                 struct       000000
__Htemp                                                   temp         000000
__Htext                                                   text         000000
__Htext0                                                  text0        000000
__Htext1                                                  text1        000000
__Htext10                                                 text10       000000
__Htext11                                                 text11       000000
__Htext12                                                 text12       000000
__Htext13                                                 text13       000000
__Htext14                                                 text14       000000
__Htext15                                                 text15       000000
__Htext16                                                 text16       000000
__Htext17                                                 text17       000000
__Htext18                                                 text18       000000
__Htext19                                                 text19       000000
__Htext2                                                  text2        000000
__Htext20                                                 text20       000000
__Htext21                                                 text21       000000
__Htext22                                                 text22       000000
__Htext23                                                 text23       000000
__Htext24                                                 text24       000000
__Htext25                                                 text25       000000
__Htext26                                                 text26       000000
__Htext27                                                 text27       000000
__Htext28                                                 text28       000000
__Htext29                                                 text29       000000
__Htext3                                                  text3        000000
__Htext30                                                 text30       000000
__Htext31                                                 text31       000000
__Htext32                                                 text32       000000
__Htext33                                                 text33       000000
__Htext34                                                 text34       000000
__Htext35                                                 text35       000000
__Htext36                                                 text36       000000
__Htext37                                                 text37       000000
__Htext38                                                 text38       000000
__Htext39                                                 text39       000000
__Htext4                                                  text4        000000
__Htext40                                                 text40       000000
__Htext41                                                 text41       000000
__Htext42                                                 text42       000000
__Htext43                                                 text43       000000
__Htext44                                                 text44       000000
__Htext45                                                 text45       000000
__Htext5                                                  text5        000000
__Htext6                                                  text6        000000
__Htext7                                                  text7        000000
__Htext8                                                  text8        000000
__Htext9                                                  text9        000000
__LRAM                                                    (abs)        000001
__L__absolute__                                           __absolute__ 000000
__Labs1                                                   abs1         000000
__Lbank10                                                 bank10       000000
__Lbank11                                                 bank11       000000
__Lbank12                                                 bank12       000000
__Lbank13                                                 bank13       000000
__Lbank14                                                 bank14       000000
__Lbank15                                                 bank15       000000
__Lbank16                                                 bank16       000000
__Lbank17                                                 bank17       000000
__Lbank18                                                 bank18       000000
__Lbank19                                                 bank19       000000
__Lbank20                                                 bank20       000000
__Lbank21                                                 bank21       000000
__Lbank22                                                 bank22       000000
__Lbank23                                                 bank23       000000
__Lbank24                                                 bank24       000000
__Lbank25                                                 bank25       000000
__Lbank26                                                 bank26       000000
__Lbank27                                                 bank27       000000
__Lbank28                                                 bank28       000000
__Lbank29                                                 bank29       000000
__Lbank30                                                 bank30       000000
__Lbank31                                                 bank31       000000
__Lbank32                                                 bank32       000000
__Lbank33                                                 bank33       000000
__Lbank34                                                 bank34       000000
__Lbank35                                                 bank35       000000
__Lbank36                                                 bank36       000000
__Lbank37                                                 bank37       000000
__Lbank38                                                 bank38       000000
__Lbank39                                                 bank39       000000
__Lbank40                                                 bank40       000000
__Lbank41                                                 bank41       000000
__Lbank42                                                 bank42       000000
__Lbank43                                                 bank43       000000
__Lbank44                                                 bank44       000000
__Lbank45                                                 bank45       000000
__Lbank46                                                 bank46       000000
__Lbank47                                                 bank47       000000
__Lbank48                                                 bank48       000000
__Lbank49                                                 bank49       000000
__Lbank5                                                  bank5        000000
__Lbank50                                                 bank50       000000
__Lbank51                                                 bank51       000000
__Lbank52                                                 bank52       000000
__Lbank53                                                 bank53       000000
__Lbank54                                                 bank54       000000
__Lbank6                                                  bank6        000000
__Lbank7                                                  bank7        000000
__Lbank8                                                  bank8        000000
__Lbank9                                                  bank9        000000
__Lbigbss                                                 bigbss       000000
__Lbigdata                                                bigdata      000000
__Lbigram                                                 bigram       000000
__Lbigsfr                                                 bigsfr       000000
__Lbss                                                    bss          000000
__LbssBANK5                                               bssBANK5     000000
__LbssCOMRAM                                              bssCOMRAM    000000
__Lcinit                                                  cinit        000000
__Lclrtext                                                clrtext      000000
__Lcomram                                                 comram       000000
__Lconfig                                                 config       000000
__Lconst                                                  const        000000
__LcstackBANK5                                            cstackBANK5  000000
__LcstackCOMRAM                                           cstackCOMRAM 000000
__Ldata                                                   data         000000
__LdataBANK5                                              dataBANK5    000000
__LdataBIGRAM                                             dataBIGRAM   000000
__LdataCOMRAM                                             dataCOMRAM   000000
__Leeprom_data                                            eeprom_data  000000
__Lfarbss                                                 farbss       000000
__Lfardata                                                fardata      000000
__Lheap                                                   heap         000000
__Libigdata                                               ibigdata     000000
__Lidata                                                  idata        000000
__LidataBANK5                                             idataBANK5   000000
__LidataBIGRAM                                            idataBIGRAM  000000
__LidataCOMRAM                                            idataCOMRAM  000000
__Lidloc                                                  idloc        000000
__Lifardata                                               ifardata     000000
__Linit                                                   init         00001A
__Lintsave_regs                                           intsave_regs 000000
__Lirdata                                                 irdata       000000
__Livt0x8                                                 ivt0x8       000008
__Lmediumconst                                            mediumconst  000000
__LnvCOMRAM                                               nvCOMRAM     000000
__LnvFARRAM                                               nvFARRAM     000000
__Lnvbit                                                  nvbit        000000
__Lnvrram                                                 nvrram       000000
__Lparam                                                  rparam       000000
__Lpowerup                                                powerup      000000
__Lram                                                    ram          000000
__Lramtop                                                 ramtop       003700
__Lrbit                                                   rbit         000000
__Lrbss                                                   rbss         000000
__Lrdata                                                  rdata        000000
__Lreset_vec                                              reset_vec    000000
__Lrparam                                                 rparam       000000
__Lsfr                                                    sfr          000000
__Lsmallconst                                             smallconst   003700
__Lspace_0                                                (abs)        000000
__Lspace_1                                                (abs)        000000
__Lspace_2                                                (abs)        000000
__Lspace_4                                                (abs)        000000
__Lstack                                                  stack        000000
__Lstruct                                                 struct       000000
__Ltemp                                                   temp         000000
__Ltext                                                   text         000000
__Ltext0                                                  text0        000000
__Ltext1                                                  text1        000000
__Ltext10                                                 text10       000000
__Ltext11                                                 text11       000000
__Ltext12                                                 text12       000000
__Ltext13                                                 text13       000000
__Ltext14                                                 text14       000000
__Ltext15                                                 text15       000000
__Ltext16                                                 text16       000000
__Ltext17                                                 text17       000000
__Ltext18                                                 text18       000000
__Ltext19                                                 text19       000000
__Ltext2                                                  text2        000000
__Ltext20                                                 text20       000000
__Ltext21                                                 text21       000000
__Ltext22                                                 text22       000000
__Ltext23                                                 text23       000000
__Ltext24                                                 text24       000000
__Ltext25                                                 text25       000000
__Ltext26                                                 text26       000000
__Ltext27                                                 text27       000000
__Ltext28                                                 text28       000000
__Ltext29                                                 text29       000000
__Ltext3                                                  text3        000000
__Ltext30                                                 text30       000000
__Ltext31                                                 text31       000000
__Ltext32                                                 text32       000000
__Ltext33                                                 text33       000000
__Ltext34                                                 text34       000000
__Ltext35                                                 text35       000000
__Ltext36                                                 text36       000000
__Ltext37                                                 text37       000000
__Ltext38                                                 text38       000000
__Ltext39                                                 text39       000000
__Ltext4                                                  text4        000000
__Ltext40                                                 text40       000000
__Ltext41                                                 text41       000000
__Ltext42                                                 text42       000000
__Ltext43                                                 text43       000000
__Ltext44                                                 text44       000000
__Ltext45                                                 text45       000000
__Ltext5                                                  text5        000000
__Ltext6                                                  text6        000000
__Ltext7                                                  text7        000000
__Ltext8                                                  text8        000000
__Ltext9                                                  text9        000000
__S0                                                      (abs)        0055E2
__S1                                                      (abs)        001582
__S4                                                      (abs)        000000
__S5                                                      (abs)        000000
___heap_hi                                                (abs)        000000
___heap_lo                                                (abs)        000000
___inthi_sp                                               stack        000000
___inthi_stack_hi                                         stack        000000
___inthi_stack_lo                                         stack        000000
___intlo_sp                                               stack        000000
___intlo_stack_hi                                         stack        000000
___intlo_stack_lo                                         stack        000000
___param_bank                                             (abs)        000000
___rparam_used                                            (abs)        000001
___sp                                                     stack        000000
___stack_hi                                               stack        000000
___stack_lo                                               stack        000000
__accesstop                                               (abs)        000560
__activetblptr                                            (abs)        000003
__end_of_ADC_GetConversionResult                          text37       0054F8
__end_of_ADC_Initialize                                   text22       004FB8
__end_of_ADC_IsConversionDone                             text36       0054E2
__end_of_ADC_SelectContext                                text35       0055D0
__end_of_ADC_SetADIInterruptHandler                       text25       00559A
__end_of_ADC_SetActiveClockTuningInterruptHandler         text24       00558C
__end_of_ADC_SetContext1ThresholdInterruptHandler         text23       00557E
__end_of_ADC_StartConversion                              text34       0055A8
__end_of_CAN1_BitRateConfiguration                        text21       00550C
__end_of_CAN1_ErrorNotificationInterruptEnable            text14       0052E0
__end_of_CAN1_ISR                                         text39       004E2A
__end_of_CAN1_Initialize                                  text11       00537C
__end_of_CAN1_OperationModeGet                            text33       0055C8
__end_of_CAN1_OperationModeSet                            text13       0051F0
__end_of_CAN1_SetBusErrorInterruptHandler                 text20       005570
__end_of_CAN1_SetBusWakeUpActivityInterruptHandler        text19       005562
__end_of_CAN1_SetInvalidMessageInterruptHandler           text18       005554
__end_of_CAN1_SetModeChangeInterruptHandler               text17       005546
__end_of_CAN1_SetSystemErrorInterruptHandler              text16       005538
__end_of_CAN1_SetTxAttemptInterruptHandler                text15       00552A
__end_of_CAN1_TX_FIFO_Configuration                       text12       005460
__end_of_CAN1_Transmit                                    text27       0050E0
__end_of_CAN1_TransmitFIFOStatusGet                       text26       00543C
__end_of_CLKREF_Initialize                                text10       0055B4
__end_of_DLC_BYTES                                        smallconst   00370A
__end_of_DefaultBusErrorHandler                           text45       0055E2
__end_of_DefaultBusWakeUpActivityHandler                  text44       0055E0
__end_of_DefaultInvalidMessageHandler                     text43       0055DE
__end_of_DefaultModeChangeHandler                         text42       0055DC
__end_of_DefaultSystemErrorHandler                        text41       0055DA
__end_of_DefaultTxAttemptHandler                          text40       0055D8
__end_of_FIFO                                             smallconst   003711
__end_of_GetTxFifoStatus                                  text32       0054CC
__end_of_INTERRUPT_Initialize                             text9        0055D4
__end_of_INTERRUPT_InterruptManager                       text38       0053EC
__end_of_OSCILLATOR_Initialize                            text8        0054B4
__end_of_PIN_MANAGER_Initialize                           text7        005050
__end_of_PMD_Initialize                                   text6        005414
__end_of_SPI1_Initialize                                  text5        00549C
__end_of_SYSTEM_Initialize                                text4        005482
__end_of_ValidateTransmission                             text31       004F00
__end_of_WriteMessageToFifo                               text29       00493A
__end_of__initialization                                  cinit        005162
__end_of_adc_to_temp                                      text3        00551C
__end_of_get_PD_Broadcast_msg                             text2        004CFE
__end_of_get_Therm_Broadcast_msg                          text1        005268
__end_of_isTxChannel                                      text28       0053BA
__end_of_main                                             text0        004B50
__end_of_memcpy                                           text30       005330
__end_of_spi1_configuration                               smallconst   00370F
__initialization                                          cinit        0050E0
__mediumconst                                             mediumconst  000000
__pbssBANK5                                               bssBANK5     00056E
__pbssCOMRAM                                              bssCOMRAM    000501
__pcinit                                                  cinit        0050E0
__pcstackBANK5                                            cstackBANK5  000560
__pcstackCOMRAM                                           cstackCOMRAM 000526
__pdataBANK5                                              dataBANK5    000578
__pdataBIGRAM                                             dataBIGRAM   000582
__pdataCOMRAM                                             dataCOMRAM   00054F
__pidataBANK5                                             idataBANK5   0055B4
__pidataBIGRAM                                            idataBIGRAM  003712
__pidataCOMRAM                                            idataCOMRAM  0055D4
__pivt0x8                                                 ivt0x8       000008
__pnvCOMRAM                                               nvCOMRAM     000546
__psmallconst                                             smallconst   003700
__ptext0                                                  text0        00493A
__ptext1                                                  text1        0051F0
__ptext10                                                 text10       0055A8
__ptext11                                                 text11       005330
__ptext12                                                 text12       00543C
__ptext13                                                 text13       005168
__ptext14                                                 text14       005268
__ptext15                                                 text15       00551C
__ptext16                                                 text16       00552A
__ptext17                                                 text17       005538
__ptext18                                                 text18       005546
__ptext19                                                 text19       005554
__ptext2                                                  text2        004B50
__ptext20                                                 text20       005562
__ptext21                                                 text21       0054F8
__ptext22                                                 text22       004F00
__ptext23                                                 text23       005570
__ptext24                                                 text24       00557E
__ptext25                                                 text25       00558C
__ptext26                                                 text26       005414
__ptext27                                                 text27       005050
__ptext28                                                 text28       00537C
__ptext29                                                 text29       004712
__ptext3                                                  text3        00550C
__ptext30                                                 text30       0052E0
__ptext31                                                 text31       004E2A
__ptext32                                                 text32       0054B4
__ptext33                                                 text33       0055BE
__ptext34                                                 text34       00559A
__ptext35                                                 text35       0055C8
__ptext36                                                 text36       0054CC
__ptext37                                                 text37       0054E2
__ptext38                                                 text38       0053BA
__ptext39                                                 text39       004CFE
__ptext4                                                  text4        005460
__ptext40                                                 text40       0055D6
__ptext41                                                 text41       0055D8
__ptext42                                                 text42       0055DA
__ptext43                                                 text43       0055DC
__ptext44                                                 text44       0055DE
__ptext45                                                 text45       0055E0
__ptext5                                                  text5        005482
__ptext6                                                  text6        0053EC
__ptext7                                                  text7        004FB8
__ptext8                                                  text8        00549C
__ptext9                                                  text9        0055D0
__ramtop                                                  ramtop       003700
__smallconst                                              smallconst   003700
_adc_to_temp                                              text3        00550C
_get_PD_Broadcast_msg                                     text2        004B50
_get_Therm_Broadcast_msg                                  text1        0051F0
_isTxChannel                                              text28       00537C
_isTxChannel$599                                          cstackCOMRAM 000528
_main                                                     text0        00493A
_memcpy                                                   text30       0052E0
_module_id                                                bssCOMRAM    00051B
_msg_data                                                 bssCOMRAM    00051C
_pd_to_adc_channel                                        dataBANK5    000578
_pd_voltages                                              bssBANK5     00056E
_spi1_configuration                                       smallconst   00370A
_temps                                                    bssCOMRAM    000524
_therm_lut                                                dataBIGRAM   000582
_therm_msg_data                                           bssCOMRAM    000501
_therm_to_adc_channel                                     dataCOMRAM   00054F
adc_to_temp@reading                                       cstackCOMRAM 000528
end_of_initialization                                     cinit        005162
get_PD_Broadcast_msg@module_id                            cstackCOMRAM 00052A
get_PD_Broadcast_msg@msg                                  cstackCOMRAM 000534
get_PD_Broadcast_msg@multiplexor                          cstackCOMRAM 00052B
get_PD_Broadcast_msg@voltages_array                       cstackCOMRAM 000528
get_Therm_Broadcast_msg@module_id                         cstackCOMRAM 00052A
get_Therm_Broadcast_msg@msg                               cstackCOMRAM 000533
get_Therm_Broadcast_msg@multiplexor                       cstackCOMRAM 00052B
get_Therm_Broadcast_msg@temps_array                       cstackCOMRAM 000528
intlevel0                                                 text         000000
intlevel1                                                 text         000000
intlevel2                                                 text         000000
intlevel3                                                 text         000000
isTxChannel@channel                                       cstackCOMRAM 000529
isa$std                                                   (abs)        000001
isa$xinst                                                 (abs)        000000
ivt0x8_base                                               ivt0x8       000008
main@msg                                                  cstackBANK5  000567
main@multiplexor                                          cstackBANK5  000564
main@pd_i                                                 cstackBANK5  000566
main@reading                                              cstackBANK5  000560
main@reading_1659                                         cstackBANK5  000562
main@therm_i                                              cstackBANK5  000565
memcpy@d                                                  cstackCOMRAM 00052F
memcpy@d1                                                 cstackCOMRAM 000528
memcpy@n                                                  cstackCOMRAM 00052C
memcpy@s                                                  cstackCOMRAM 000531
memcpy@s1                                                 cstackCOMRAM 00052A
memcpy@tmp                                                cstackCOMRAM 00052E
stackhi                                                   (abs)        000000
stacklo                                                   (abs)        000000
start                                                     init         00001A
start_initialization                                      cinit        0050E0


MODULE INFORMATION

Module		Function		Class		Link	Load	Size
mcc_generated_files/can1.c
		_ValidateTransmission		CODE           	4E2A	0000	214
		_CAN1_BitRateConfiguration		CODE           	54F8	0000	20
		_CAN1_SetTxAttemptInterruptHandler		CODE           	551C	0000	14
		_CAN1_SetInvalidMessageInterruptHandler		CODE           	5546	0000	14
		_CAN1_TX_FIFO_Configuration		CODE           	543C	0000	36
		_CAN1_ISR      		CODE           	4CFE	0000	300
		_DefaultBusErrorHandler		CODE           	55E0	0000	2
		_CAN1_OperationModeGet		CODE           	55BE	0000	10
		_CAN1_Initialize		CODE           	5330	0000	76
		_DefaultInvalidMessageHandler		CODE           	55DC	0000	2
		_DefaultBusWakeUpActivityHandler		CODE           	55DE	0000	2
		_CAN1_TransmitFIFOStatusGet		CODE           	5414	0000	40
		_CAN1_Transmit 		CODE           	5050	0000	144
		_CAN1_SetBusErrorInterruptHandler		CODE           	5562	0000	14
		_CAN1_SetSystemErrorInterruptHandler		CODE           	552A	0000	14
		_DefaultSystemErrorHandler		CODE           	55D8	0000	2
		_isTxChannel   		CODE           	537C	0000	62
		_GetTxFifoStatus		CODE           	54B4	0000	24
		_WriteMessageToFifo		CODE           	4712	0000	552
		_CAN1_ErrorNotificationInterruptEnable		CODE           	5268	0000	120
		_CAN1_SetBusWakeUpActivityInterruptHandler		CODE           	5554	0000	14
		_CAN1_OperationModeSet		CODE           	5168	0000	136
		_CAN1_SetModeChangeInterruptHandler		CODE           	5538	0000	14
		_DefaultTxAttemptHandler		CODE           	55D6	0000	2
		_DefaultModeChangeHandler		CODE           	55DA	0000	2

mcc_generated_files/can1.c estimated size: 1830

mcc_generated_files/interrupt_manager.c
		_INTERRUPT_Initialize		CODE           	55D0	0000	4
		_INTERRUPT_InterruptManager		CODE           	53BA	0000	50

mcc_generated_files/interrupt_manager.c estimated size: 54

mcc_generated_files/pin_manager.c
		_PIN_MANAGER_Initialize		CODE           	4FB8	0000	152

mcc_generated_files/pin_manager.c estimated size: 152

mcc_generated_files/spi1.c
		_SPI1_Initialize		CODE           	5482	0000	26

mcc_generated_files/spi1.c estimated size: 26

mcc_generated_files/adc.c
		_ADC_SelectContext		CODE           	55C8	0000	8
		_ADC_Initialize		CODE           	4F00	0000	184
		_ADC_IsConversionDone		CODE           	54CC	0000	22
		_ADC_SetActiveClockTuningInterruptHandler		CODE           	557E	0000	14
		_ADC_GetConversionResult		CODE           	54E2	0000	22
		_ADC_SetADIInterruptHandler		CODE           	558C	0000	14
		_ADC_StartConversion		CODE           	559A	0000	14
		_ADC_SetContext1ThresholdInterruptHandler		CODE           	5570	0000	14

mcc_generated_files/adc.c estimated size: 292

mcc_generated_files/clkref.c
		_CLKREF_Initialize		CODE           	55A8	0000	12

mcc_generated_files/clkref.c estimated size: 12

shared
		_FIFO          		SMALLCONST     	0000	0000	0
		_DLC_BYTES     		SMALLCONST     	3701	0000	9
		__initialization		CODE           	50E0	0000	130
		_spi1_configuration		SMALLCONST     	370A	0000	5

shared estimated size: 144

can_msgs.c
		_get_Therm_Broadcast_msg		CODE           	51F0	0000	120
		_get_PD_Broadcast_msg		CODE           	4B50	0000	430

can_msgs.c estimated size: 550

mcc_generated_files/mcc.c
		_PMD_Initialize		CODE           	53EC	0000	40
		_OSCILLATOR_Initialize		CODE           	549C	0000	24
		_SYSTEM_Initialize		CODE           	5460	0000	34

mcc_generated_files/mcc.c estimated size: 98

C:\Program Files\Microchip\xc8\v2.46\pic\sources\c99\common\memcpy.c
		_memcpy        		CODE           	52E0	0000	80

C:\Program Files\Microchip\xc8\v2.46\pic\sources\c99\common\memcpy.c estimated size: 80

main.c
		_adc_to_temp   		CODE           	550C	0000	16
		_main          		CODE           	493A	0000	534

main.c estimated size: 550

