Microchip MPLAB XC8 Compiler V2.35

Linker command line:

--edf=/opt/microchip/xc8/v2.35/pic/dat/en_msgs.txt -pivt0x8=08h -cn \
  -h+dist/default/production/tem-firmware.X.production.sym \
  --cmf=dist/default/production/tem-firmware.X.production.cmf -z -Q18F47Q84 \
  -o/tmp/xcXidHiGH --defsym=__MPLAB_BUILD=1 \
  -Mdist/default/production/tem-firmware.X.production.map \
  --md=/tmp/xcXGDNjgE.dat -E1 -ver=XC8 Compiler --acfsm=1493 \
  -ACODE=00h-01FFFFh -ACONST=00h-01FFFFh -ASMALLCONST=03700h-037FFhx457 \
  -AMEDIUMCONST=03700h-0FFFFh,013700h-01FFFFh -ACOMRAM=0501h-055Fh \
  -AABS1=0500h-036FFh -ABIGRAM=0501h-036FFh \
  -ARAM=0560h-05FFh,0600h-06FFhx49 -ABANK5=0560h-05FFh -ABANK6=0600h-06FFh \
  -ABANK7=0700h-07FFh -ABANK8=0800h-08FFh -ABANK9=0900h-09FFh \
  -ABANK10=0A00h-0AFFh -ABANK11=0B00h-0BFFh -ABANK12=0C00h-0CFFh \
  -ABANK13=0D00h-0DFFh -ABANK14=0E00h-0EFFh -ABANK15=0F00h-0FFFh \
  -ABANK16=01000h-010FFh -ABANK17=01100h-011FFh -ABANK18=01200h-012FFh \
  -ABANK19=01300h-013FFh -ABANK20=01400h-014FFh -ABANK21=01500h-015FFh \
  -ABANK22=01600h-016FFh -ABANK23=01700h-017FFh -ABANK24=01800h-018FFh \
  -ABANK25=01900h-019FFh -ABANK26=01A00h-01AFFh -ABANK27=01B00h-01BFFh \
  -ABANK28=01C00h-01CFFh -ABANK29=01D00h-01DFFh -ABANK30=01E00h-01EFFh \
  -ABANK31=01F00h-01FFFh -ABANK32=02000h-020FFh -ABANK33=02100h-021FFh \
  -ABANK34=02200h-022FFh -ABANK35=02300h-023FFh -ABANK36=02400h-024FFh \
  -ABANK37=02500h-025FFh -ABANK38=02600h-026FFh -ABANK39=02700h-027FFh \
  -ABANK40=02800h-028FFh -ABANK41=02900h-029FFh -ABANK42=02A00h-02AFFh \
  -ABANK43=02B00h-02BFFh -ABANK44=02C00h-02CFFh -ABANK45=02D00h-02DFFh \
  -ABANK46=02E00h-02EFFh -ABANK47=02F00h-02FFFh -ABANK48=03000h-030FFh \
  -ABANK49=03100h-031FFh -ABANK50=03200h-032FFh -ABANK51=03300h-033FFh \
  -ABANK52=03400h-034FFh -ABANK53=03500h-035FFh -ABANK54=03600h-036FFh \
  -ASFR=00h-0FFhx4,0400h-045Fh,0460h-04FFh,03700h-037FFhx9 \
  -ABIGSFR=00h-04FFh,03700h-03FFFh -ACONFIG=0300000h-0300023h \
  -AIDLOC=0200000h-020003Fh -AEEDATA=0380000h-03803FFh -peeprom_data=EEDATA \
  -preset_vec=00h -ppowerup=CODE,init -pramtop=03700h \
  -psmallconst=SMALLCONST -pmediumconst=MEDIUMCONST -pconst=CONST \
  -AFARRAM=00h-00h \
  -prdata=COMRAM,nvrram=COMRAM,nvbit=COMRAM,rbss=COMRAM,rbit=COMRAM \
  -pfarbss=FARRAM,fardata=FARRAM,nvFARRAM=FARRAM \
  -pintsave_regs=BIGRAM,bigbss=BIGRAM,bigdata=BIGRAM -pbss=RAM \
  -pidata=CODE,irdata=CODE,ibigdata=CODE,ifardata=CODE -prparam=COMRAM \
  /tmp/xcXenCKPK.o dist/default/production/tem-firmware.X.production.o 

Object code version is 3.11

Machine type is 18F47Q84



                Name                               Link     Load   Length Selector   Space Scale
/tmp/xcXenCKPK.o
                config                           300000   300000       1F        0       4
                init                                 1A       1A        4        4       0
                reset_vec                             0        0        4        0       0
dist/default/production/tem-firmware.X.production.o
                config                           300000   300000       1F        0       4
                smallconst                         3700     3700        E     1B80       0
                ivt0x8                                8        8       12        4       0
                text46                             59D4     59D4        2     370E       0
                text45                             59D2     59D2        2     370E       0
                text44                             59D0     59D0        2     370E       0
                text43                             59CE     59CE        2     370E       0
                text42                             59CC     59CC        2     370E       0
                text41                             59CA     59CA        2     370E       0
                text40                             5026     5026      138     370E       0
                text39                             5798     5798       3A     370E       0
                text38                             58DE     58DE       16     370E       0
                text37                             58C8     58C8       16     370E       0
                text36                             59BC     59BC        A     370E       0
                text35                             5918     5918       10     370E       0
                text34                             59B2     59B2        A     370E       0
                text33                             58B0     58B0       18     370E       0
                text32                             526A     526A       DA     370E       0
                text31                             5678     5678       5A     370E       0
                text30                             49A4     49A4      246     370E       0
                text29                             571E     571E       3E     370E       0
                text28                             53FC     53FC       94     370E       0
                text27                             582E     582E       28     370E       0
                text26                             5998     5998        E     370E       0
                text25                             598A     598A        E     370E       0
                text24                             597C     597C        E     370E       0
                text23                             5344     5344       B8     370E       0
                text22                             58F4     58F4       14     370E       0
                text21                             596E     596E        E     370E       0
                text20                             5960     5960        E     370E       0
                text19                             5952     5952        E     370E       0
                text18                             5944     5944        E     370E       0
                text17                             5936     5936        E     370E       0
                text16                             5928     5928        E     370E       0
                text15                             5596     5596       78     370E       0
                text14                             5490     5490       88     370E       0
                text13                             5856     5856       24     370E       0
                text12                             56D2     56D2       4C     370E       0
                text11                             59A6     59A6        C     370E       0
                text10                             59C6     59C6        4     370E       0
                text9                              5898     5898       18     370E       0
                text8                              5518     5518       7E     370E       0
                text7                              5806     5806       28     370E       0
                text6                              587A     587A       1E     370E       0
                text5                              5908     5908       10     370E       0
                text4                              515E     515E      10C     370E       0
                text3                              57D2     57D2       34     370E       0
                text2                              4E1E     4E1E      208     370E       0
                text1                              4BEA     4BEA      234     370E       0
                text0                              470E     470E      296     370E       0
                cstackCOMRAM                        501      501       5A      501       1
                dataBIGRAM                          5D7      5D7     1000      5D7       1
                dataBANK5                           560      560       3C      560       1
                bssBANK5                            59C      59C       32      560       1
                bssCOMRAM                           55B      55B        3      501       1
                cinit                              560E     560E       6A     370E       0
                nvBANK5                             5CE      5CE        9      560       1
                idataBANK5                         575C     575C       3C     370E       0
                idataBIGRAM                        370E     370E     1000     370E       0

TOTAL           Name                               Link     Load   Length     Space
        CLASS   CODE           
                init                                 1A       1A        4         0
                reset_vec                             0        0        4         0
                ivt0x8                                8        8       12         0
                text46                             59D4     59D4        2         0
                text45                             59D2     59D2        2         0
                text44                             59D0     59D0        2         0
                text43                             59CE     59CE        2         0
                text42                             59CC     59CC        2         0
                text41                             59CA     59CA        2         0
                text40                             5026     5026      138         0
                text39                             5798     5798       3A         0
                text38                             58DE     58DE       16         0
                text37                             58C8     58C8       16         0
                text36                             59BC     59BC        A         0
                text35                             5918     5918       10         0
                text34                             59B2     59B2        A         0
                text33                             58B0     58B0       18         0
                text32                             526A     526A       DA         0
                text31                             5678     5678       5A         0
                text30                             49A4     49A4      246         0
                text29                             571E     571E       3E         0
                text28                             53FC     53FC       94         0
                text27                             582E     582E       28         0
                text26                             5998     5998        E         0
                text25                             598A     598A        E         0
                text24                             597C     597C        E         0
                text23                             5344     5344       B8         0
                text22                             58F4     58F4       14         0
                text21                             596E     596E        E         0
                text20                             5960     5960        E         0
                text19                             5952     5952        E         0
                text18                             5944     5944        E         0
                text17                             5936     5936        E         0
                text16                             5928     5928        E         0
                text15                             5596     5596       78         0
                text14                             5490     5490       88         0
                text13                             5856     5856       24         0
                text12                             56D2     56D2       4C         0
                text11                             59A6     59A6        C         0
                text10                             59C6     59C6        4         0
                text9                              5898     5898       18         0
                text8                              5518     5518       7E         0
                text7                              5806     5806       28         0
                text6                              587A     587A       1E         0
                text5                              5908     5908       10         0
                text4                              515E     515E      10C         0
                text3                              57D2     57D2       34         0
                text2                              4E1E     4E1E      208         0
                text1                              4BEA     4BEA      234         0
                text0                              470E     470E      296         0
                cinit                              560E     560E       6A         0
                idataBANK5                         575C     575C       3C         0
                idataBIGRAM                        370E     370E     1000         0

        CLASS   CONST          

        CLASS   SMALLCONST     
                smallconst                         3700     3700        E         0

        CLASS   MEDIUMCONST    

        CLASS   COMRAM         
                cstackCOMRAM                        501      501       5A         1
                bssCOMRAM                           55B      55B        3         1

        CLASS   ABS1           

        CLASS   BIGRAM         
                dataBIGRAM                          5D7      5D7     1000         1

        CLASS   RAM            

        CLASS   BANK5          
                dataBANK5                           560      560       3C         1
                bssBANK5                            59C      59C       32         1
                nvBANK5                             5CE      5CE        9         1

        CLASS   BANK6          

        CLASS   BANK7          

        CLASS   BANK8          

        CLASS   BANK9          

        CLASS   BANK10         

        CLASS   BANK11         

        CLASS   BANK12         

        CLASS   BANK13         

        CLASS   BANK14         

        CLASS   BANK15         

        CLASS   BANK16         

        CLASS   BANK17         

        CLASS   BANK18         

        CLASS   BANK19         

        CLASS   BANK20         

        CLASS   BANK21         

        CLASS   BANK22         

        CLASS   BANK23         

        CLASS   BANK24         

        CLASS   BANK25         

        CLASS   BANK26         

        CLASS   BANK27         

        CLASS   BANK28         

        CLASS   BANK29         

        CLASS   BANK30         

        CLASS   BANK31         

        CLASS   BANK32         

        CLASS   BANK33         

        CLASS   BANK34         

        CLASS   BANK35         

        CLASS   BANK36         

        CLASS   BANK37         

        CLASS   BANK38         

        CLASS   BANK39         

        CLASS   BANK40         

        CLASS   BANK41         

        CLASS   BANK42         

        CLASS   BANK43         

        CLASS   BANK44         

        CLASS   BANK45         

        CLASS   BANK46         

        CLASS   BANK47         

        CLASS   BANK48         

        CLASS   BANK49         

        CLASS   BANK50         

        CLASS   BANK51         

        CLASS   BANK52         

        CLASS   BANK53         

        CLASS   BANK54         

        CLASS   SFR            

        CLASS   BIGSFR         

        CLASS   CONFIG         
                config                           300000   300000       1F         4

        CLASS   IDLOC          

        CLASS   EEDATA         

        CLASS   FARRAM         

        CLASS   HEAP           

        CLASS   STACK          



SEGMENTS        Name                           Load    Length   Top    Selector   Space  Class

                reset_vec                      000000  000004  000004         0       0  CODE    
                dataBIGRAM                     0005D7  001000  0015D7       5D7       1  BIGRAM  
                idataBIGRAM                    00370E  0022C8  0059D6      370E       0  CODE    
                ivt0x8                         000008  000016  00001E         4       0  CODE    
                cstackCOMRAM                   000501  00005D  00055E       501       1  COMRAM  
                dataBANK5                      000560  000077  0005D7       560       1  BANK5   
                smallconst                     003700  00000E  00370E      1B80       0  SMALLCON


UNUSED ADDRESS RANGES

        Name                Unused          Largest block    Delta
        BANK21           0015D7-0015FF               29
        BANK22           001600-0016FF              100
        BANK23           001700-0017FF              100
        BANK24           001800-0018FF              100
        BANK25           001900-0019FF              100
        BANK26           001A00-001AFF              100
        BANK27           001B00-001BFF              100
        BANK28           001C00-001CFF              100
        BANK29           001D00-001DFF              100
        BANK30           001E00-001EFF              100
        BANK31           001F00-001FFF              100
        BANK32           002000-0020FF              100
        BANK33           002100-0021FF              100
        BANK34           002200-0022FF              100
        BANK35           002300-0023FF              100
        BANK36           002400-0024FF              100
        BANK37           002500-0025FF              100
        BANK38           002600-0026FF              100
        BANK39           002700-0027FF              100
        BANK40           002800-0028FF              100
        BANK41           002900-0029FF              100
        BANK42           002A00-002AFF              100
        BANK43           002B00-002BFF              100
        BANK44           002C00-002CFF              100
        BANK45           002D00-002DFF              100
        BANK46           002E00-002EFF              100
        BANK47           002F00-002FFF              100
        BANK48           003000-0030FF              100
        BANK49           003100-0031FF              100
        BANK50           003200-0032FF              100
        BANK51           003300-0033FF              100
        BANK52           003400-0034FF              100
        BANK53           003500-0035FF              100
        BANK54           003600-0036FF              100
        BIGRAM           00055E-00055F                2
                         0015D7-0036FF             2129
        BIGSFR           000000-0004FF              500
                         003700-003FFF              900
        CODE             000004-000007                4
                         00001E-0036FF             36E2
                         0059D6-01FFFF            1A62A
        COMRAM           00055E-00055F                2
        CONFIG           30001F-300023                5
        CONST            000004-000007                4
                         00001E-0036FF             36E2
                         0059D6-01FFFF            1A62A
        EEDATA           380000-3803FF              400
        IDLOC            200000-20003F               40
        MEDIUMCONST      0059D6-00FFFF             A62A
                         013700-01FFFF             C900
        RAM              0015D7-0036FF              100
        SFR              000000-0004FF              100
                         003700-003FFF              100
        SMALLCONST       0059D6-01FFFF              100

                                  Symbol Table

?_ADC_GetConversionResult                                 cstackCOMRAM 000503
?___aldiv                                                 cstackCOMRAM 000503
?_get_TM2BMS_Broadcast_msg                                cstackCOMRAM 000511
?_get_TM_General_Broadcast_msg                            cstackCOMRAM 000511
ADC_SelectContext@context                                 cstackCOMRAM 000503
ADC_SetADIInterruptHandler@InterruptHandler               cstackCOMRAM 000503
ADC_SetActiveClockTuningInterruptHandler@InterruptHandler cstackCOMRAM 000503
ADC_SetContext1ThresholdInterruptHandler@InterruptHandler cstackCOMRAM 000503
ADC_StartConversion@channel                               cstackCOMRAM 000503
CAN1_OperationModeSet@opMode                              cstackCOMRAM 000503
CAN1_OperationModeSet@requestMode                         cstackCOMRAM 000505
CAN1_OperationModeSet@status                              cstackCOMRAM 000504
CAN1_SetBusErrorInterruptHandler@handler                  cstackCOMRAM 000503
CAN1_SetBusWakeUpActivityInterruptHandler@handler         cstackCOMRAM 000503
CAN1_SetInvalidMessageInterruptHandler@handler            cstackCOMRAM 000503
CAN1_SetModeChangeInterruptHandler@handler                cstackCOMRAM 000503
CAN1_SetSystemErrorInterruptHandler@handler               cstackCOMRAM 000503
CAN1_SetTxAttemptInterruptHandler@handler                 cstackCOMRAM 000503
CAN1_Transmit@fifoChannel                                 cstackCOMRAM 00051E
CAN1_Transmit@status                                      cstackCOMRAM 00051B
CAN1_Transmit@txCanMsg                                    cstackCOMRAM 000519
CAN1_Transmit@txFifoObj                                   cstackCOMRAM 00051C
CAN1_TransmitFIFOStatusGet@fifoChannel                    cstackCOMRAM 000506
CAN1_TransmitFIFOStatusGet@status                         cstackCOMRAM 000505
GetTxFifoStatus@validChannel                              cstackCOMRAM 000503
IVTBASEH                                                  (abs)        00045E
IVTBASEL                                                  (abs)        00045D
IVTBASEU                                                  (abs)        00045F
ValidateTransmission@field                                cstackCOMRAM 00050B
ValidateTransmission@txCanMsg                             cstackCOMRAM 000504
ValidateTransmission@txMsgStatus                          cstackCOMRAM 00050A
ValidateTransmission@validChannel                         cstackCOMRAM 000509
WriteMessageToFifo@msgId                                  cstackCOMRAM 000515
WriteMessageToFifo@status                                 cstackCOMRAM 000514
WriteMessageToFifo@txCanMsg                               cstackCOMRAM 000510
WriteMessageToFifo@txFifoObj                              cstackCOMRAM 00050E
_ADACCH                                                   (abs)        0003E4
_ADACCL                                                   (abs)        0003E3
_ADACCU                                                   (abs)        0003E5
_ADACQH                                                   (abs)        0003EF
_ADACQL                                                   (abs)        0003EE
_ADACT                                                    (abs)        0003F9
_ADCAP                                                    (abs)        0003F0
_ADCLK                                                    (abs)        0003FA
_ADCNT                                                    (abs)        0003E6
_ADCON0                                                   (abs)        0003F3
_ADCON0bits                                               (abs)        0003F3
_ADCON1                                                   (abs)        0003F4
_ADCON1bits                                               (abs)        0003F4
_ADCON2                                                   (abs)        0003F5
_ADCON2bits                                               (abs)        0003F5
_ADCON3                                                   (abs)        0003F6
_ADCON3bits                                               (abs)        0003F6
_ADCP                                                     (abs)        0003D8
_ADCPbits                                                 (abs)        0003D8
_ADCSEL1                                                  (abs)        0003FC
_ADCSEL1bits                                              (abs)        0003FC
_ADCTX                                                    (abs)        0003FB
_ADC_ActiveClockTuning_ISR                                nvBANK5      0005CE
_ADC_Context1Thereshld_ISR                                nvBANK5      0005D1
_ADC_ConversionComplete_ISR                               nvBANK5      0005D4
_ADC_DefaultADI_ISR                                       (abs)        000000
_ADC_DefaultActiveClockTuning_ISR                         (abs)        000000
_ADC_DefaultContext1Threshold_ISR                         (abs)        000000
_ADC_GetConversionResult                                  text38       0058DE
_ADC_Initialize                                           text23       005344
_ADC_IsConversionDone                                     text37       0058C8
_ADC_SelectContext                                        text36       0059BC
_ADC_SetADIInterruptHandler                               text26       005998
_ADC_SetActiveClockTuningInterruptHandler                 text25       00598A
_ADC_SetContext1ThresholdInterruptHandler                 text24       00597C
_ADC_StartConversion                                      text35       005918
_ADERRH                                                   (abs)        0003DE
_ADERRL                                                   (abs)        0003DD
_ADFLTRH                                                  (abs)        0003E2
_ADFLTRL                                                  (abs)        0003E1
_ADLTHH                                                   (abs)        0003DA
_ADLTHL                                                   (abs)        0003D9
_ADPCH                                                    (abs)        0003EC
_ADPREH                                                   (abs)        0003F2
_ADPREL                                                   (abs)        0003F1
_ADPREVH                                                  (abs)        0003E9
_ADPREVL                                                  (abs)        0003E8
_ADREF                                                    (abs)        0003F8
_ADRESH                                                   (abs)        0003EB
_ADRESL                                                   (abs)        0003EA
_ADRPT                                                    (abs)        0003E7
_ADSTAT                                                   (abs)        0003F7
_ADSTATbits                                               (abs)        0003F7
_ADSTPTH                                                  (abs)        0003E0
_ADSTPTL                                                  (abs)        0003DF
_ADUTHH                                                   (abs)        0003DC
_ADUTHL                                                   (abs)        0003DB
_ANSELA                                                   (abs)        000400
_ANSELB                                                   (abs)        000408
_ANSELC                                                   (abs)        000410
_ANSELD                                                   (abs)        000418
_ANSELE                                                   (abs)        000420
_C1CONH                                                   (abs)        000101
_C1CONHbits                                               (abs)        000101
_C1CONL                                                   (abs)        000100
_C1CONTbits                                               (abs)        000103
_C1CONU                                                   (abs)        000102
_C1CONUbits                                               (abs)        000102
_C1FIFOBA                                                 (abs)        00014C
_C1FIFOCON1H                                              (abs)        00015D
_C1FIFOCON1L                                              (abs)        00015C
_C1FIFOCON1T                                              (abs)        00015F
_C1FIFOCON1U                                              (abs)        00015E
_C1FIFOSTA1Lbits                                          (abs)        000160
_C1INTH                                                   (abs)        00011D
_C1INTHbits                                               (abs)        00011D
_C1INTL                                                   (abs)        00011C
_C1INTLbits                                               (abs)        00011C
_C1INTT                                                   (abs)        00011F
_C1INTTbits                                               (abs)        00011F
_C1INTU                                                   (abs)        00011E
_C1NBTCFGH                                                (abs)        000105
_C1NBTCFGL                                                (abs)        000104
_C1NBTCFGT                                                (abs)        000107
_C1NBTCFGU                                                (abs)        000106
_C1TRECUbits                                              (abs)        000136
_C1TXQCONH                                                (abs)        000151
_C1TXQCONL                                                (abs)        000150
_C1TXQCONT                                                (abs)        000153
_C1TXQCONU                                                (abs)        000152
_C1TXQSTALbits                                            (abs)        000154
_CAN1_BitRateConfiguration                                text22       0058F4
_CAN1_BusErrorHandler                                     bssBANK5     0005A5
_CAN1_BusWakeUpActivityHandler                            bssBANK5     0005A8
_CAN1_ErrorNotificationInterruptEnable                    text15       005596
_CAN1_ISR                                                 text40       005026
_CAN1_Initialize                                          text12       0056D2
_CAN1_InvalidMessageHandler                               bssBANK5     0005AB
_CAN1_ModeChangeHandler                                   bssBANK5     0005A2
_CAN1_OperationModeGet                                    text34       0059B2
_CAN1_OperationModeSet                                    text14       005490
_CAN1_SetBusErrorInterruptHandler                         text21       00596E
_CAN1_SetBusWakeUpActivityInterruptHandler                text20       005960
_CAN1_SetInvalidMessageInterruptHandler                   text19       005952
_CAN1_SetModeChangeInterruptHandler                       text18       005944
_CAN1_SetSystemErrorInterruptHandler                      text17       005936
_CAN1_SetTxAttemptInterruptHandler                        text16       005928
_CAN1_SystemErrorHandler                                  bssBANK5     00059F
_CAN1_TX_FIFO_Configuration                               text13       005856
_CAN1_Transmit                                            text28       0053FC
_CAN1_TransmitFIFOStatusGet                               text27       00582E
_CAN1_TxAttemptHandler                                    bssBANK5     00059C
_CANRXPPS                                                 (abs)        00023D
_CLKRCLK                                                  (abs)        00003A
_CLKRCON                                                  (abs)        000039
_CLKREF_Initialize                                        text11       0059A6
_DLC_BYTES                                                smallconst   003701
_DefaultBusErrorHandler                                   text46       0059D4
_DefaultBusWakeUpActivityHandler                          text45       0059D2
_DefaultInvalidMessageHandler                             text44       0059D0
_DefaultModeChangeHandler                                 text43       0059CE
_DefaultSystemErrorHandler                                text42       0059CC
_DefaultTxAttemptHandler                                  text41       0059CA
_GetTxFifoStatus                                          text33       0058B0
_INLVLA                                                   (abs)        000404
_INLVLB                                                   (abs)        00040C
_INLVLC                                                   (abs)        000414
_INLVLD                                                   (abs)        00041C
_INLVLE                                                   (abs)        000424
_INTCON0bits                                              (abs)        0004D6
_INTERRUPT_Initialize                                     text10       0059C6
_INTERRUPT_InterruptManager                               text39       005798
_LATA                                                     (abs)        0004BE
_LATB                                                     (abs)        0004BF
_LATC                                                     (abs)        0004C0
_LATD                                                     (abs)        0004C1
_LATE                                                     (abs)        0004C2
_ODCONA                                                   (abs)        000402
_ODCONB                                                   (abs)        00040A
_ODCONC                                                   (abs)        000412
_ODCOND                                                   (abs)        00041A
_ODCONE                                                   (abs)        000422
_OSCCON1                                                  (abs)        0000AD
_OSCCON3                                                  (abs)        0000AF
_OSCEN                                                    (abs)        0000B3
_OSCFRQ                                                   (abs)        0000B1
_OSCILLATOR_Initialize                                    text9        005898
_OSCTUNE                                                  (abs)        0000B0
_PIE0bits                                                 (abs)        00049E
_PIN_MANAGER_Initialize                                   text8        005518
_PIR0bits                                                 (abs)        0004AE
_PIR1bits                                                 (abs)        0004AF
_PIR2bits                                                 (abs)        0004B0
_PMD0                                                     (abs)        000060
_PMD1                                                     (abs)        000061
_PMD2                                                     (abs)        000062
_PMD3                                                     (abs)        000063
_PMD4                                                     (abs)        000064
_PMD5                                                     (abs)        000065
_PMD6                                                     (abs)        000066
_PMD7                                                     (abs)        000067
_PMD8                                                     (abs)        000068
_PMD_Initialize                                           text7        005806
_PORTDbits                                                (abs)        0004D1
_RD1PPS                                                   (abs)        00021A
_SLRCONA                                                  (abs)        000403
_SLRCONB                                                  (abs)        00040B
_SLRCONC                                                  (abs)        000413
_SLRCOND                                                  (abs)        00041B
_SLRCONE                                                  (abs)        000423
_SYSTEM_Initialize                                        text6        00587A
_TRISA                                                    (abs)        0004C6
_TRISB                                                    (abs)        0004C7
_TRISC                                                    (abs)        0004C8
_TRISD                                                    (abs)        0004C9
_TRISE                                                    (abs)        0004CA
_ValidateTransmission                                     text32       00526A
_WPUA                                                     (abs)        000401
_WPUB                                                     (abs)        000409
_WPUC                                                     (abs)        000411
_WPUD                                                     (abs)        000419
_WPUE                                                     (abs)        000421
_WriteMessageToFifo                                       text30       0049A4
__HRAM                                                    (abs)        000000
__Habs1                                                   abs1         000000
__Hbank10                                                 bank10       000000
__Hbank11                                                 bank11       000000
__Hbank12                                                 bank12       000000
__Hbank13                                                 bank13       000000
__Hbank14                                                 bank14       000000
__Hbank15                                                 bank15       000000
__Hbank16                                                 bank16       000000
__Hbank17                                                 bank17       000000
__Hbank18                                                 bank18       000000
__Hbank19                                                 bank19       000000
__Hbank20                                                 bank20       000000
__Hbank21                                                 bank21       000000
__Hbank22                                                 bank22       000000
__Hbank23                                                 bank23       000000
__Hbank24                                                 bank24       000000
__Hbank25                                                 bank25       000000
__Hbank26                                                 bank26       000000
__Hbank27                                                 bank27       000000
__Hbank28                                                 bank28       000000
__Hbank29                                                 bank29       000000
__Hbank30                                                 bank30       000000
__Hbank31                                                 bank31       000000
__Hbank32                                                 bank32       000000
__Hbank33                                                 bank33       000000
__Hbank34                                                 bank34       000000
__Hbank35                                                 bank35       000000
__Hbank36                                                 bank36       000000
__Hbank37                                                 bank37       000000
__Hbank38                                                 bank38       000000
__Hbank39                                                 bank39       000000
__Hbank40                                                 bank40       000000
__Hbank41                                                 bank41       000000
__Hbank42                                                 bank42       000000
__Hbank43                                                 bank43       000000
__Hbank44                                                 bank44       000000
__Hbank45                                                 bank45       000000
__Hbank46                                                 bank46       000000
__Hbank47                                                 bank47       000000
__Hbank48                                                 bank48       000000
__Hbank49                                                 bank49       000000
__Hbank5                                                  bank5        000000
__Hbank50                                                 bank50       000000
__Hbank51                                                 bank51       000000
__Hbank52                                                 bank52       000000
__Hbank53                                                 bank53       000000
__Hbank54                                                 bank54       000000
__Hbank6                                                  bank6        000000
__Hbank7                                                  bank7        000000
__Hbank8                                                  bank8        000000
__Hbank9                                                  bank9        000000
__Hbigbss                                                 bigbss       000000
__Hbigdata                                                bigdata      000000
__Hbigram                                                 bigram       000000
__Hbigsfr                                                 bigsfr       000000
__Hbss                                                    bss          000000
__HbssBANK5                                               bssBANK5     000000
__HbssCOMRAM                                              bssCOMRAM    000000
__Hcinit                                                  cinit        000000
__Hclrtext                                                clrtext      000000
__Hcomram                                                 comram       000000
__Hconfig                                                 config       30001F
__Hconst                                                  const        000000
__HcstackCOMRAM                                           cstackCOMRAM 000000
__Hdata                                                   data         000000
__HdataBANK5                                              dataBANK5    000000
__HdataBIGRAM                                             dataBIGRAM   000000
__Heeprom_data                                            eeprom_data  000000
__Hfarbss                                                 farbss       000000
__Hfardata                                                fardata      000000
__Hheap                                                   heap         000000
__Hibigdata                                               ibigdata     000000
__Hidata                                                  idata        000000
__HidataBANK5                                             idataBANK5   000000
__HidataBIGRAM                                            idataBIGRAM  000000
__Hidloc                                                  idloc        000000
__Hifardata                                               ifardata     000000
__Hinit                                                   init         00001E
__Hintsave_regs                                           intsave_regs 000000
__Hirdata                                                 irdata       000000
__Hivt0x8                                                 ivt0x8       00001A
__Hmediumconst                                            mediumconst  000000
__HnvBANK5                                                nvBANK5      000000
__HnvFARRAM                                               nvFARRAM     000000
__Hnvbit                                                  nvbit        000000
__Hnvrram                                                 nvrram       000000
__Hparam                                                  rparam       000000
__Hpowerup                                                powerup      000000
__Hram                                                    ram          000000
__Hramtop                                                 ramtop       003700
__Hrbit                                                   rbit         000000
__Hrbss                                                   rbss         000000
__Hrdata                                                  rdata        000000
__Hreset_vec                                              reset_vec    000004
__Hrparam                                                 rparam       000000
__Hsfr                                                    sfr          000000
__Hsmallconst                                             smallconst   00370E
__Hspace_0                                                (abs)        0059D6
__Hspace_1                                                (abs)        0015D7
__Hspace_2                                                (abs)        000000
__Hspace_4                                                (abs)        60001F
__Hstack                                                  stack        000000
__Hstruct                                                 struct       000000
__Htemp                                                   temp         000000
__Htext                                                   text         000000
__Htext0                                                  text0        000000
__Htext1                                                  text1        000000
__Htext10                                                 text10       000000
__Htext11                                                 text11       000000
__Htext12                                                 text12       000000
__Htext13                                                 text13       000000
__Htext14                                                 text14       000000
__Htext15                                                 text15       000000
__Htext16                                                 text16       000000
__Htext17                                                 text17       000000
__Htext18                                                 text18       000000
__Htext19                                                 text19       000000
__Htext2                                                  text2        000000
__Htext20                                                 text20       000000
__Htext21                                                 text21       000000
__Htext22                                                 text22       000000
__Htext23                                                 text23       000000
__Htext24                                                 text24       000000
__Htext25                                                 text25       000000
__Htext26                                                 text26       000000
__Htext27                                                 text27       000000
__Htext28                                                 text28       000000
__Htext29                                                 text29       000000
__Htext3                                                  text3        000000
__Htext30                                                 text30       000000
__Htext31                                                 text31       000000
__Htext32                                                 text32       000000
__Htext33                                                 text33       000000
__Htext34                                                 text34       000000
__Htext35                                                 text35       000000
__Htext36                                                 text36       000000
__Htext37                                                 text37       000000
__Htext38                                                 text38       000000
__Htext39                                                 text39       000000
__Htext4                                                  text4        000000
__Htext40                                                 text40       000000
__Htext41                                                 text41       000000
__Htext42                                                 text42       000000
__Htext43                                                 text43       000000
__Htext44                                                 text44       000000
__Htext45                                                 text45       000000
__Htext46                                                 text46       000000
__Htext47                                                 text47       000000
__Htext5                                                  text5        000000
__Htext6                                                  text6        000000
__Htext7                                                  text7        000000
__Htext8                                                  text8        000000
__Htext9                                                  text9        000000
__LRAM                                                    (abs)        000001
__Labs1                                                   abs1         000000
__Lbank10                                                 bank10       000000
__Lbank11                                                 bank11       000000
__Lbank12                                                 bank12       000000
__Lbank13                                                 bank13       000000
__Lbank14                                                 bank14       000000
__Lbank15                                                 bank15       000000
__Lbank16                                                 bank16       000000
__Lbank17                                                 bank17       000000
__Lbank18                                                 bank18       000000
__Lbank19                                                 bank19       000000
__Lbank20                                                 bank20       000000
__Lbank21                                                 bank21       000000
__Lbank22                                                 bank22       000000
__Lbank23                                                 bank23       000000
__Lbank24                                                 bank24       000000
__Lbank25                                                 bank25       000000
__Lbank26                                                 bank26       000000
__Lbank27                                                 bank27       000000
__Lbank28                                                 bank28       000000
__Lbank29                                                 bank29       000000
__Lbank30                                                 bank30       000000
__Lbank31                                                 bank31       000000
__Lbank32                                                 bank32       000000
__Lbank33                                                 bank33       000000
__Lbank34                                                 bank34       000000
__Lbank35                                                 bank35       000000
__Lbank36                                                 bank36       000000
__Lbank37                                                 bank37       000000
__Lbank38                                                 bank38       000000
__Lbank39                                                 bank39       000000
__Lbank40                                                 bank40       000000
__Lbank41                                                 bank41       000000
__Lbank42                                                 bank42       000000
__Lbank43                                                 bank43       000000
__Lbank44                                                 bank44       000000
__Lbank45                                                 bank45       000000
__Lbank46                                                 bank46       000000
__Lbank47                                                 bank47       000000
__Lbank48                                                 bank48       000000
__Lbank49                                                 bank49       000000
__Lbank5                                                  bank5        000000
__Lbank50                                                 bank50       000000
__Lbank51                                                 bank51       000000
__Lbank52                                                 bank52       000000
__Lbank53                                                 bank53       000000
__Lbank54                                                 bank54       000000
__Lbank6                                                  bank6        000000
__Lbank7                                                  bank7        000000
__Lbank8                                                  bank8        000000
__Lbank9                                                  bank9        000000
__Lbigbss                                                 bigbss       000000
__Lbigdata                                                bigdata      000000
__Lbigram                                                 bigram       000000
__Lbigsfr                                                 bigsfr       000000
__Lbss                                                    bss          000000
__LbssBANK5                                               bssBANK5     000000
__LbssCOMRAM                                              bssCOMRAM    000000
__Lcinit                                                  cinit        000000
__Lclrtext                                                clrtext      000000
__Lcomram                                                 comram       000000
__Lconfig                                                 config       000000
__Lconst                                                  const        000000
__LcstackCOMRAM                                           cstackCOMRAM 000000
__Ldata                                                   data         000000
__LdataBANK5                                              dataBANK5    000000
__LdataBIGRAM                                             dataBIGRAM   000000
__Leeprom_data                                            eeprom_data  000000
__Lfarbss                                                 farbss       000000
__Lfardata                                                fardata      000000
__Lheap                                                   heap         000000
__Libigdata                                               ibigdata     000000
__Lidata                                                  idata        000000
__LidataBANK5                                             idataBANK5   000000
__LidataBIGRAM                                            idataBIGRAM  000000
__Lidloc                                                  idloc        000000
__Lifardata                                               ifardata     000000
__Linit                                                   init         00001A
__Lintsave_regs                                           intsave_regs 000000
__Lirdata                                                 irdata       000000
__Livt0x8                                                 ivt0x8       000008
__Lmediumconst                                            mediumconst  000000
__LnvBANK5                                                nvBANK5      000000
__LnvFARRAM                                               nvFARRAM     000000
__Lnvbit                                                  nvbit        000000
__Lnvrram                                                 nvrram       000000
__Lparam                                                  rparam       000000
__Lpowerup                                                powerup      000000
__Lram                                                    ram          000000
__Lramtop                                                 ramtop       003700
__Lrbit                                                   rbit         000000
__Lrbss                                                   rbss         000000
__Lrdata                                                  rdata        000000
__Lreset_vec                                              reset_vec    000000
__Lrparam                                                 rparam       000000
__Lsfr                                                    sfr          000000
__Lsmallconst                                             smallconst   003700
__Lspace_0                                                (abs)        000000
__Lspace_1                                                (abs)        000000
__Lspace_2                                                (abs)        000000
__Lspace_4                                                (abs)        000000
__Lstack                                                  stack        000000
__Lstruct                                                 struct       000000
__Ltemp                                                   temp         000000
__Ltext                                                   text         000000
__Ltext0                                                  text0        000000
__Ltext1                                                  text1        000000
__Ltext10                                                 text10       000000
__Ltext11                                                 text11       000000
__Ltext12                                                 text12       000000
__Ltext13                                                 text13       000000
__Ltext14                                                 text14       000000
__Ltext15                                                 text15       000000
__Ltext16                                                 text16       000000
__Ltext17                                                 text17       000000
__Ltext18                                                 text18       000000
__Ltext19                                                 text19       000000
__Ltext2                                                  text2        000000
__Ltext20                                                 text20       000000
__Ltext21                                                 text21       000000
__Ltext22                                                 text22       000000
__Ltext23                                                 text23       000000
__Ltext24                                                 text24       000000
__Ltext25                                                 text25       000000
__Ltext26                                                 text26       000000
__Ltext27                                                 text27       000000
__Ltext28                                                 text28       000000
__Ltext29                                                 text29       000000
__Ltext3                                                  text3        000000
__Ltext30                                                 text30       000000
__Ltext31                                                 text31       000000
__Ltext32                                                 text32       000000
__Ltext33                                                 text33       000000
__Ltext34                                                 text34       000000
__Ltext35                                                 text35       000000
__Ltext36                                                 text36       000000
__Ltext37                                                 text37       000000
__Ltext38                                                 text38       000000
__Ltext39                                                 text39       000000
__Ltext4                                                  text4        000000
__Ltext40                                                 text40       000000
__Ltext41                                                 text41       000000
__Ltext42                                                 text42       000000
__Ltext43                                                 text43       000000
__Ltext44                                                 text44       000000
__Ltext45                                                 text45       000000
__Ltext46                                                 text46       000000
__Ltext47                                                 text47       000000
__Ltext5                                                  text5        000000
__Ltext6                                                  text6        000000
__Ltext7                                                  text7        000000
__Ltext8                                                  text8        000000
__Ltext9                                                  text9        000000
__S0                                                      (abs)        0059D6
__S1                                                      (abs)        0015D7
__S4                                                      (abs)        000000
__S5                                                      (abs)        000000
___aldiv                                                  text4        00515E
___aldiv@counter                                          cstackCOMRAM 00050B
___aldiv@dividend                                         cstackCOMRAM 000503
___aldiv@divisor                                          cstackCOMRAM 000507
___aldiv@quotient                                         cstackCOMRAM 00050D
___aldiv@sign                                             cstackCOMRAM 00050C
___heap_hi                                                (abs)        000000
___heap_lo                                                (abs)        000000
___inthi_sp                                               stack        000000
___intlo_sp                                               stack        000000
___param_bank                                             (abs)        000000
___rparam_used                                            (abs)        000001
___sp                                                     stack        000000
__accesstop                                               (abs)        000560
__activetblptr                                            (abs)        000003
__end_of_ADC_GetConversionResult                          text38       0058F4
__end_of_ADC_Initialize                                   text23       0053FC
__end_of_ADC_IsConversionDone                             text37       0058DE
__end_of_ADC_SelectContext                                text36       0059C6
__end_of_ADC_SetADIInterruptHandler                       text26       0059A6
__end_of_ADC_SetActiveClockTuningInterruptHandler         text25       005998
__end_of_ADC_SetContext1ThresholdInterruptHandler         text24       00598A
__end_of_ADC_StartConversion                              text35       005928
__end_of_CAN1_BitRateConfiguration                        text22       005908
__end_of_CAN1_ErrorNotificationInterruptEnable            text15       00560E
__end_of_CAN1_ISR                                         text40       00515E
__end_of_CAN1_Initialize                                  text12       00571E
__end_of_CAN1_OperationModeGet                            text34       0059BC
__end_of_CAN1_OperationModeSet                            text14       005518
__end_of_CAN1_SetBusErrorInterruptHandler                 text21       00597C
__end_of_CAN1_SetBusWakeUpActivityInterruptHandler        text20       00596E
__end_of_CAN1_SetInvalidMessageInterruptHandler           text19       005960
__end_of_CAN1_SetModeChangeInterruptHandler               text18       005952
__end_of_CAN1_SetSystemErrorInterruptHandler              text17       005944
__end_of_CAN1_SetTxAttemptInterruptHandler                text16       005936
__end_of_CAN1_TX_FIFO_Configuration                       text13       00587A
__end_of_CAN1_Transmit                                    text28       005490
__end_of_CAN1_TransmitFIFOStatusGet                       text27       005856
__end_of_CLKREF_Initialize                                text11       0059B2
__end_of_DLC_BYTES                                        smallconst   00370A
__end_of_DefaultBusErrorHandler                           text46       0059D6
__end_of_DefaultBusWakeUpActivityHandler                  text45       0059D4
__end_of_DefaultInvalidMessageHandler                     text44       0059D2
__end_of_DefaultModeChangeHandler                         text43       0059D0
__end_of_DefaultSystemErrorHandler                        text42       0059CE
__end_of_DefaultTxAttemptHandler                          text41       0059CC
__end_of_FIFO                                             smallconst   00370C
__end_of_GetTxFifoStatus                                  text33       0058C8
__end_of_INTERRUPT_Initialize                             text10       0059CA
__end_of_INTERRUPT_InterruptManager                       text39       0057D2
__end_of_OSCILLATOR_Initialize                            text9        0058B0
__end_of_PIN_MANAGER_Initialize                           text8        005596
__end_of_PMD_Initialize                                   text7        00582E
__end_of_SYSTEM_Initialize                                text6        005898
__end_of_ValidateTransmission                             text32       005344
__end_of_WriteMessageToFifo                               text30       004BEA
__end_of___aldiv                                          text4        00526A
__end_of__initialization                                  cinit        005672
__end_of_adc_to_temp                                      text5        005918
__end_of_get_TM2BMS_Broadcast_msg                         text2        005026
__end_of_get_TM_General_Broadcast_msg                     text1        004E1E
__end_of_get_checksum                                     text3        005806
__end_of_isTxChannel                                      text29       00575C
__end_of_main                                             text0        0049A4
__end_of_memcpy                                           text31       0056D2
__initialization                                          cinit        00560E
__mediumconst                                             mediumconst  000000
__pbssBANK5                                               bssBANK5     00059C
__pbssCOMRAM                                              bssCOMRAM    00055B
__pcinit                                                  cinit        00560E
__pcstackCOMRAM                                           cstackCOMRAM 000501
__pdataBANK5                                              dataBANK5    000560
__pdataBIGRAM                                             dataBIGRAM   0005D7
__pidataBANK5                                             idataBANK5   00575C
__pidataBIGRAM                                            idataBIGRAM  00370E
__pivt0x8                                                 ivt0x8       000008
__pnvBANK5                                                nvBANK5      0005CE
__psmallconst                                             smallconst   003700
__ptext0                                                  text0        00470E
__ptext1                                                  text1        004BEA
__ptext10                                                 text10       0059C6
__ptext11                                                 text11       0059A6
__ptext12                                                 text12       0056D2
__ptext13                                                 text13       005856
__ptext14                                                 text14       005490
__ptext15                                                 text15       005596
__ptext16                                                 text16       005928
__ptext17                                                 text17       005936
__ptext18                                                 text18       005944
__ptext19                                                 text19       005952
__ptext2                                                  text2        004E1E
__ptext20                                                 text20       005960
__ptext21                                                 text21       00596E
__ptext22                                                 text22       0058F4
__ptext23                                                 text23       005344
__ptext24                                                 text24       00597C
__ptext25                                                 text25       00598A
__ptext26                                                 text26       005998
__ptext27                                                 text27       00582E
__ptext28                                                 text28       0053FC
__ptext29                                                 text29       00571E
__ptext3                                                  text3        0057D2
__ptext30                                                 text30       0049A4
__ptext31                                                 text31       005678
__ptext32                                                 text32       00526A
__ptext33                                                 text33       0058B0
__ptext34                                                 text34       0059B2
__ptext35                                                 text35       005918
__ptext36                                                 text36       0059BC
__ptext37                                                 text37       0058C8
__ptext38                                                 text38       0058DE
__ptext39                                                 text39       005798
__ptext4                                                  text4        00515E
__ptext40                                                 text40       005026
__ptext41                                                 text41       0059CA
__ptext42                                                 text42       0059CC
__ptext43                                                 text43       0059CE
__ptext44                                                 text44       0059D0
__ptext45                                                 text45       0059D2
__ptext46                                                 text46       0059D4
__ptext47                                                 text47       000000
__ptext5                                                  text5        005908
__ptext6                                                  text6        00587A
__ptext7                                                  text7        005806
__ptext8                                                  text8        005518
__ptext9                                                  text9        005898
__ramtop                                                  ramtop       003700
__smallconst                                              smallconst   003700
_adc_to_temp                                              text5        005908
_dead_therm_map                                           dataBANK5    000560
_get_TM2BMS_Broadcast_msg                                 text2        004E1E
_get_TM_General_Broadcast_msg                             text1        004BEA
_get_checksum                                             text3        0057D2
_isTxChannel                                              text29       00571E
_isTxChannel$591                                          cstackCOMRAM 000503
_main                                                     text0        00470E
_memcpy                                                   text31       005678
_module_id                                                bssCOMRAM    00055C
_msg_data                                                 bssBANK5     0005C6
_temps                                                    bssBANK5     0005AE
_therm_lut                                                dataBIGRAM   0005D7
_therm_to_adc_channel                                     dataBANK5    000584
adc_to_temp@reading                                       cstackCOMRAM 000503
end_of_initialization                                     cinit        005672
get_TM2BMS_Broadcast_msg@alive_therm_cnt                  cstackCOMRAM 000530
get_TM2BMS_Broadcast_msg@avg_temp                         cstackCOMRAM 00052D
get_TM2BMS_Broadcast_msg@is_dead                          cstackCOMRAM 000531
get_TM2BMS_Broadcast_msg@max_temp                         cstackCOMRAM 000533
get_TM2BMS_Broadcast_msg@max_temp_i                       cstackCOMRAM 00052F
get_TM2BMS_Broadcast_msg@min_temp                         cstackCOMRAM 000532
get_TM2BMS_Broadcast_msg@min_temp_i                       cstackCOMRAM 00052E
get_TM2BMS_Broadcast_msg@module_id                        cstackCOMRAM 000513
get_TM2BMS_Broadcast_msg@msg                              cstackCOMRAM 000536
get_TM2BMS_Broadcast_msg@temp_i                           cstackCOMRAM 000535
get_TM2BMS_Broadcast_msg@temps_array                      cstackCOMRAM 000511
get_TM2BMS_Broadcast_msg@this_temp                        cstackCOMRAM 000534
get_TM2BMS_Broadcast_msg@total_temp                       cstackCOMRAM 000529
get_TM_General_Broadcast_msg@absolute_therm_id            cstackCOMRAM 000532
get_TM_General_Broadcast_msg@alive_therm_cnt              cstackCOMRAM 000530
get_TM_General_Broadcast_msg@broadcast_therm_i            bssCOMRAM    00055B
get_TM_General_Broadcast_msg@broadcast_therm_temp         cstackCOMRAM 00052D
get_TM_General_Broadcast_msg@is_dead                      cstackCOMRAM 000531
get_TM_General_Broadcast_msg@max_temp                     cstackCOMRAM 000535
get_TM_General_Broadcast_msg@max_temp_i                   cstackCOMRAM 00052F
get_TM_General_Broadcast_msg@min_temp                     cstackCOMRAM 000534
get_TM_General_Broadcast_msg@min_temp_i                   cstackCOMRAM 00052E
get_TM_General_Broadcast_msg@module_id                    cstackCOMRAM 000513
get_TM_General_Broadcast_msg@msg                          cstackCOMRAM 000538
get_TM_General_Broadcast_msg@temp_i                       cstackCOMRAM 000537
get_TM_General_Broadcast_msg@temps_array                  cstackCOMRAM 000511
get_TM_General_Broadcast_msg@this_temp                    cstackCOMRAM 000536
get_TM_General_Broadcast_msg@total_temp                   cstackCOMRAM 000529
get_checksum@data                                         cstackCOMRAM 000503
get_checksum@i                                            cstackCOMRAM 000507
get_checksum@len                                          cstackCOMRAM 000505
get_checksum@sum                                          cstackCOMRAM 000506
intlevel0                                                 text         000000
intlevel1                                                 text         000000
intlevel2                                                 text         000000
intlevel3                                                 text         000000
isTxChannel@channel                                       cstackCOMRAM 000504
isa$std                                                   (abs)        000001
isa$xinst                                                 (abs)        000000
ivt0x8_base                                               ivt0x8       000008
main@is_dead                                              cstackCOMRAM 000552
main@msg                                                  cstackCOMRAM 000553
main@reading                                              cstackCOMRAM 000550
main@therm_i                                              cstackCOMRAM 00055A
memcpy@d                                                  cstackCOMRAM 000509
memcpy@d1                                                 cstackCOMRAM 000503
memcpy@n                                                  cstackCOMRAM 000507
memcpy@s                                                  cstackCOMRAM 00050B
memcpy@s1                                                 cstackCOMRAM 000505
memcpy@tmp                                                cstackCOMRAM 00050D
stackhi                                                   (abs)        000000
stacklo                                                   (abs)        000000
start                                                     init         00001A
start_initialization                                      cinit        00560E


MODULE INFORMATION

Module		Function		Class		Link	Load	Size
mcc_generated_files/can1.c
		_ValidateTransmission		CODE           	526A	0000	218
		_CAN1_BitRateConfiguration		CODE           	58F4	0000	20
		_CAN1_SetTxAttemptInterruptHandler		CODE           	5928	0000	14
		_CAN1_SetInvalidMessageInterruptHandler		CODE           	5952	0000	14
		_CAN1_TX_FIFO_Configuration		CODE           	5856	0000	36
		_CAN1_ISR      		CODE           	5026	0000	312
		_DefaultBusErrorHandler		CODE           	59D4	0000	2
		_CAN1_OperationModeGet		CODE           	59B2	0000	10
		_CAN1_Initialize		CODE           	56D2	0000	76
		_DefaultInvalidMessageHandler		CODE           	59D0	0000	2
		_DefaultBusWakeUpActivityHandler		CODE           	59D2	0000	2
		_CAN1_TransmitFIFOStatusGet		CODE           	582E	0000	40
		_CAN1_Transmit 		CODE           	53FC	0000	148
		_CAN1_SetBusErrorInterruptHandler		CODE           	596E	0000	14
		_CAN1_SetSystemErrorInterruptHandler		CODE           	5936	0000	14
		_DefaultSystemErrorHandler		CODE           	59CC	0000	2
		_isTxChannel   		CODE           	571E	0000	62
		_GetTxFifoStatus		CODE           	58B0	0000	24
		_WriteMessageToFifo		CODE           	49A4	0000	582
		_CAN1_ErrorNotificationInterruptEnable		CODE           	5596	0000	120
		_CAN1_SetBusWakeUpActivityInterruptHandler		CODE           	5960	0000	14
		_CAN1_OperationModeSet		CODE           	5490	0000	136
		_CAN1_SetModeChangeInterruptHandler		CODE           	5944	0000	14
		_DefaultTxAttemptHandler		CODE           	59CA	0000	2
		_DefaultModeChangeHandler		CODE           	59CE	0000	2

mcc_generated_files/can1.c estimated size: 1880

mcc_generated_files/interrupt_manager.c
		_INTERRUPT_Initialize		CODE           	59C6	0000	4
		_INTERRUPT_InterruptManager		CODE           	5798	0000	58

mcc_generated_files/interrupt_manager.c estimated size: 62

mcc_generated_files/pin_manager.c
		_PIN_MANAGER_Initialize		CODE           	5518	0000	126

mcc_generated_files/pin_manager.c estimated size: 126

mcc_generated_files/adc.c
		_ADC_SelectContext		CODE           	59BC	0000	10
		_ADC_Initialize		CODE           	5344	0000	184
		_ADC_IsConversionDone		CODE           	58C8	0000	22
		_ADC_SetActiveClockTuningInterruptHandler		CODE           	598A	0000	14
		_ADC_GetConversionResult		CODE           	58DE	0000	22
		_ADC_SetADIInterruptHandler		CODE           	5998	0000	14
		_ADC_StartConversion		CODE           	5918	0000	16
		_ADC_SetContext1ThresholdInterruptHandler		CODE           	597C	0000	14

mcc_generated_files/adc.c estimated size: 296

mcc_generated_files/clkref.c
		_CLKREF_Initialize		CODE           	59A6	0000	12

mcc_generated_files/clkref.c estimated size: 12

/opt/microchip/xc8/v2.35/pic/sources/c99/common/aldiv.c
		___aldiv       		CODE           	515E	0000	268

/opt/microchip/xc8/v2.35/pic/sources/c99/common/aldiv.c estimated size: 268

shared
		_FIFO          		SMALLCONST     	0000	0000	0
		_DLC_BYTES     		SMALLCONST     	3701	0000	9
		__initialization		CODE           	560E	0000	100

shared estimated size: 109

can_msgs.c
		_get_TM_General_Broadcast_msg		CODE           	4BEA	0000	564
		_get_checksum  		CODE           	57D2	0000	52
		_get_TM2BMS_Broadcast_msg		CODE           	4E1E	0000	520

can_msgs.c estimated size: 1136

mcc_generated_files/mcc.c
		_PMD_Initialize		CODE           	5806	0000	40
		_OSCILLATOR_Initialize		CODE           	5898	0000	24
		_SYSTEM_Initialize		CODE           	587A	0000	30

mcc_generated_files/mcc.c estimated size: 94

/opt/microchip/xc8/v2.35/pic/sources/c99/common/memcpy.c
		_memcpy        		CODE           	5678	0000	90

/opt/microchip/xc8/v2.35/pic/sources/c99/common/memcpy.c estimated size: 90

main.c
		_adc_to_temp   		CODE           	5908	0000	16
		_main          		CODE           	470E	0000	662

main.c estimated size: 678

